<html>
<body>
<pre>
<h1>µVision Build Log</h1>
<h2>Tool Versions:</h2>
IDE-Version: µVision V5.23.0.0
Copyright (C) 2017 ARM Ltd and ARM Germany GmbH. All rights reserved.
License Information: Chu Thinh, Tesla Thinh, LIC=RC9PC-7GGU3-W22LL-0GETX-NI0FT-8153R
 
Tool Versions:
Toolchain:       MDK-ARM Plus  Version: 5.23
Toolchain Path:  E:\Cai Phan Mem\Keil C ARM\ARM\ARMCC\Bin
C Compiler:      Armcc.exe V5.06 update 4 (build 422)
Assembler:       Armasm.exe V5.06 update 4 (build 422)
Linker/Locator:  ArmLink.exe V5.06 update 4 (build 422)
Library Manager: ArmAr.exe V5.06 update 4 (build 422)
Hex Converter:   FromElf.exe V5.06 update 4 (build 422)
CPU DLL:         SARMCM3.DLL V5.23
Dialog DLL:      DCM.DLL V1.15.0.0
Target DLL:      STLink\ST-LINKIII-KEIL_SWO.dll V2.0.18.0
Dialog DLL:      TCM.DLL V1.27.0.0
 
<h2>Project:</h2>
F:\Hoc\project\TEST KIT TO MO\TEST SW\MDK-ARM\TEST SW.uvprojx
Project File Date:  06/17/2017

<h2>Output:</h2>
*** Using Compiler 'V5.06 update 4 (build 422)', folder: 'E:\Cai Phan Mem\Keil C ARM\ARM\ARMCC\Bin'
Build target 'TEST SW'
compiling main.c...
../Inc/lcd1602.h(13): warning:  #188-D: enumerated type mixed with another type
  HAL_GPIO_WritePin(
PIOC,
N_Pin,1);
../Inc/lcd1602.h(15): warning:  #188-D: enumerated type mixed with another type
  HAL_GPIO_WritePin(
PIOC,
N_Pin,0);  
../Inc/lcd1602.h(21): warning:  #188-D: enumerated type mixed with another type
  HAL_GPIO_WritePin(
PIOC,
../Inc/lcd1602.h(22): warning:  #188-D: enumerated type mixed with another type
  HAL_GPIO_WritePin(
PIOC,
../Inc/lcd1602.h(23): warning:  #188-D: enumerated type mixed with another type
  HAL_GPIO_WritePin(
PIOC,
../Inc/lcd1602.h(24): warning:  #188-D: enumerated type mixed with another type
  HAL_GPIO_WritePin(
PIOC,
../Inc/lcd1602.h(44): warning:  #188-D: enumerated type mixed with another type
    HAL_GPIO_WritePin(
PIOC,
S_Pin,0);
../Inc/lcd1602.h(68): warning:  #188-D: enumerated type mixed with another type
    HAL_GPIO_WritePin(
PIOC,
S_Pin,1);
../Inc/lcd1602.h(70): warning:  #188-D: enumerated type mixed with another type
    HAL_GPIO_WritePin(
PIOC,
S_Pin,0);
../Inc/lcd1602.h(79): warning:  #1-D: last line of file ends without a newline
  }
../Src/main.c(196): warning:  #188-D: enumerated type mixed with another type
                            |
PIO_PIN_11, 
PIO_PIN_RESET);
../Src/main.c: 11 warnings, 0 errors
linking...
Program Size: Code=3908 RO-data=352 RW-data=12 ZI-data=1028  
FromELF: creating hex file...
"TEST SW\TEST SW.axf" - 0 Error(s), 11 Warning(s).

<h2>Software Packages used:</h2>

Package Vendor: ARM
                http://www.keil.com/pack/ARM.CMSIS.5.0.1.pack
                ARM::CMSIS:CORE:5.0.1
                CMSIS (Cortex Microcontroller Software Interface Standard)
   * Component: CORE Version: 5.0.1

<h2>Collection of Component include folders:</h2>
  .\RTE\_TEST_SW
  E:\Cai Phan Mem\Keil C ARM\ARM\PACK\ARM\CMSIS\5.0.1\CMSIS\Include
  E:\Cai Phan Mem\Keil C ARM\ARM\PACK\Keil\STM32F1xx_DFP\2.2.0\Device\Include

<h2>Collection of Component Files used:</h2>

   * Component: ARM::CMSIS:CORE:5.0.1
Build Time Elapsed:  00:00:05
</pre>
</body>
</html>
