<html>
<body>
<pre>
<h1>µVision Build Log</h1>
<h2>Tool Versions:</h2>
IDE-Version: µVision V5.23.0.0
Copyright (C) 2017 ARM Ltd and ARM Germany GmbH. All rights reserved.
License Information: Tesla Thinh, Beryl - TAKF5, LIC=VGXJJ-U7I06-II75V-PS5MP-Z2PWK-CLLBZ
 
Tool Versions:
Toolchain:       MDK-ARM Plus  Version: 5.23
Toolchain Path:  E:\Cai Phan Mem\Keil C ARM\ARM\ARMCC\Bin
C Compiler:      Armcc.exe V5.06 update 4 (build 422)
Assembler:       Armasm.exe V5.06 update 4 (build 422)
Linker/Locator:  ArmLink.exe V5.06 update 4 (build 422)
Library Manager: ArmAr.exe V5.06 update 4 (build 422)
Hex Converter:   FromElf.exe V5.06 update 4 (build 422)
CPU DLL:         SARMCM3.DLL V5.23
Dialog DLL:      DCM.DLL V1.15.0.0
Target DLL:      STLink\ST-LINKIII-KEIL_SWO.dll V2.0.18.0
Dialog DLL:      TCM.DLL V1.27.0.0
 
<h2>Project:</h2>
F:\Hoc\project\TEST KIT TO MO\TEST OLED\MDK-ARM\TEST OLED.uvprojx
Project File Date:  07/02/2017

<h2>Output:</h2>
*** Using Compiler 'V5.06 update 4 (build 422)', folder: 'E:\Cai Phan Mem\Keil C ARM\ARM\ARMCC\Bin'
Build target 'TEST OLED'
compiling main.c...
../Inc/oled_v1.h(215): warning:  #188-D: enumerated type mixed with another type
  	  HAL_GPIO_WritePin(
PIOB,
PIO_PIN_6,1);
../Inc/oled_v1.h(217): warning:  #188-D: enumerated type mixed with another type
  	  HAL_GPIO_WritePin(
PIOB,
PIO_PIN_6,0);		  
../Inc/oled_v1.h(221): warning:  #188-D: enumerated type mixed with another type
  		HAL_GPIO_WritePin(
PIOB,
PIO_PIN_3,0);
../Inc/oled_v1.h(223): warning:  #188-D: enumerated type mixed with another type
  		   HAL_GPIO_WritePin(
PIOB,
PIO_PIN_4,1);
../Inc/oled_v1.h(225): warning:  #188-D: enumerated type mixed with another type
  		   HAL_GPIO_WritePin(
PIOB,
PIO_PIN_4,0);
../Inc/oled_v1.h(226): warning:  #188-D: enumerated type mixed with another type
  		HAL_GPIO_WritePin(
PIOB,
PIO_PIN_3,1);
../Inc/oled_v1.h(230): warning:  #188-D: enumerated type mixed with another type
  	HAL_GPIO_WritePin(
PIOB,
PIO_PIN_6,1);  //oled CS pin 	  
../Inc/oled_v1.h(377): warning:  #188-D: enumerated type mixed with another type
  	HAL_GPIO_WritePin(
PIOB,
PIO_PIN_5,0);
../Inc/oled_v1.h(379): warning:  #188-D: enumerated type mixed with another type
  	HAL_GPIO_WritePin(
PIOB,
PIO_PIN_5,1); 
../Src/main.c: 9 warnings, 0 errors
linking...
Program Size: Code=4104 RO-data=2944 RW-data=8 ZI-data=2048  
"TEST OLED\TEST OLED.axf" - 0 Error(s), 9 Warning(s).

<h2>Software Packages used:</h2>

Package Vendor: ARM
                http://www.keil.com/pack/ARM.CMSIS.5.0.1.pack
                ARM::CMSIS:CORE:5.0.1
                CMSIS (Cortex Microcontroller Software Interface Standard)
   * Component: CORE Version: 5.0.1

<h2>Collection of Component include folders:</h2>
  .\RTE\_TEST_OLED
  E:\Cai Phan Mem\Keil C ARM\ARM\PACK\ARM\CMSIS\5.0.1\CMSIS\Include
  E:\Cai Phan Mem\Keil C ARM\ARM\PACK\Keil\STM32F1xx_DFP\2.2.0\Device\Include

<h2>Collection of Component Files used:</h2>

   * Component: ARM::CMSIS:CORE:5.0.1
Build Time Elapsed:  00:00:03
</pre>
</body>
</html>
