<html>
<body>
<pre>
<h1>µVision Build Log</h1>
<h2>Tool Versions:</h2>
IDE-Version: µVision V5.23.0.0
Copyright (C) 2017 ARM Ltd and ARM Germany GmbH. All rights reserved.
License Information: Chu Thinh, Tesla Thinh, LIC=RC9PC-7GGU3-W22LL-0GETX-NI0FT-8153R
 
Tool Versions:
Toolchain:       MDK-ARM Plus  Version: 5.23
Toolchain Path:  E:\Cai Phan Mem\Keil C ARM\ARM\ARMCC\Bin
C Compiler:      Armcc.exe V5.06 update 4 (build 422)
Assembler:       Armasm.exe V5.06 update 4 (build 422)
Linker/Locator:  ArmLink.exe V5.06 update 4 (build 422)
Library Manager: ArmAr.exe V5.06 update 4 (build 422)
Hex Converter:   FromElf.exe V5.06 update 4 (build 422)
CPU DLL:         SARMCM3.DLL V5.23
Dialog DLL:      DCM.DLL V1.15.0.0
Target DLL:      STLink\ST-LINKIII-KEIL_SWO.dll V2.0.18.0
Dialog DLL:      TCM.DLL V1.27.0.0
 
<h2>Project:</h2>
F:\Hoc\project\TEST KIT TO MO\TEST LCD1202\MDK-ARM\TEST LCD1202.uvprojx
Project File Date:  06/14/2017

<h2>Output:</h2>
*** Using Compiler 'V5.06 update 4 (build 422)', folder: 'E:\Cai Phan Mem\Keil C ARM\ARM\ARMCC\Bin'
Build target 'TEST LCD1202'
compiling main.c...
../Src/lcd1202.c(34): warning:  #47-D: incompatible redefinition of macro "output_high"  (declared at line 32)
  #define output_high(LCD_1202_CLK)              HAL_GPIO_WritePin(GPIO_PORT_LCD,LCD1202_CLK_Pin,1)
../Src/lcd1202.c(37): warning:  #47-D: incompatible redefinition of macro "output_low"  (declared at line 35)
  #define output_low(LCD_1202_CS)                HAL_GPIO_WritePin(GPIO_PORT_LCD,LCD1202_CS_Pin,0)
../Src/lcd1202.c(166): warning:  #188-D: enumerated type mixed with another type
        
utput_high(LCD_1202_SDA);
../Src/lcd1202.c(168): warning:  #188-D: enumerated type mixed with another type
        
utput_low(LCD_1202_SDA);
../Src/lcd1202.c(169): warning:  #188-D: enumerated type mixed with another type
     
utput_low(LCD_1202_CS);
../Src/lcd1202.c(170): warning:  #188-D: enumerated type mixed with another type
     
utput_high(LCD_1202_CLK);
../Src/lcd1202.c(171): warning:  #188-D: enumerated type mixed with another type
     
utput_low(LCD_1202_CLK);
../Src/lcd1202.c(176): warning:  #188-D: enumerated type mixed with another type
           
utput_high(LCD_1202_SDA);
../Src/lcd1202.c(178): warning:  #188-D: enumerated type mixed with another type
           
utput_low(LCD_1202_SDA);
../Src/lcd1202.c(179): warning:  #188-D: enumerated type mixed with another type
        
utput_high(LCD_1202_CLK);
../Src/lcd1202.c(180): warning:  #188-D: enumerated type mixed with another type
        
utput_low(LCD_1202_CLK);
../Src/lcd1202.c(182): warning:  #188-D: enumerated type mixed with another type
     
utput_high(LCD_1202_CS);
../Src/lcd1202.c(225): warning:  #188-D: enumerated type mixed with another type
     
utput_high(LCD_1202_CS);
../Src/lcd1202.c(226): warning:  #188-D: enumerated type mixed with another type
     
utput_low(LCD_1202_CLK);
../Src/lcd1202.c(359): warning:  #68-D: integer conversion resulted in a change of sign
          Addx = -1;
../Src/lcd1202.c(365): warning:  #68-D: integer conversion resulted in a change of sign
          Addy = -1;
../Src/lcd1202.c(376): warning:  #186-D: pointless comparison of unsigned integer with zero
              if(P<0)
../Src/lcd1202.c(397): warning:  #186-D: pointless comparison of unsigned integer with zero
              if(P<0)
../Src/main.c: 20 warnings, 0 errors
linking...
Program Size: Code=3682 RO-data=354 RW-data=8 ZI-data=1888  
"TEST LCD1202\TEST LCD1202.axf" - 0 Error(s), 18 Warning(s).

<h2>Software Packages used:</h2>

Package Vendor: ARM
                http://www.keil.com/pack/ARM.CMSIS.5.0.1.pack
                ARM::CMSIS:CORE:5.0.1
                CMSIS (Cortex Microcontroller Software Interface Standard)
   * Component: CORE Version: 5.0.1

<h2>Collection of Component include folders:</h2>
  .\RTE\_TEST_LCD1202
  E:\Cai Phan Mem\Keil C ARM\ARM\PACK\ARM\CMSIS\5.0.1\CMSIS\Include
  E:\Cai Phan Mem\Keil C ARM\ARM\PACK\Keil\STM32F1xx_DFP\2.2.0\Device\Include

<h2>Collection of Component Files used:</h2>

   * Component: ARM::CMSIS:CORE:5.0.1
Build Time Elapsed:  00:00:03
</pre>
</body>
</html>
