Component: ARM Compiler 5.06 update 6 (build 750) Tool: armlink [4d35ed]

==============================================================================

Section Cross References

    startup_stm32f103xb.o(RESET) refers to startup_stm32f103xb.o(STACK) for __initial_sp
    startup_stm32f103xb.o(RESET) refers to startup_stm32f103xb.o(.text) for Reset_Handler
    startup_stm32f103xb.o(RESET) refers to stm32f1xx_it.o(i.NMI_Handler) for NMI_Handler
    startup_stm32f103xb.o(RESET) refers to stm32f1xx_it.o(i.HardFault_Handler) for HardFault_Handler
    startup_stm32f103xb.o(RESET) refers to stm32f1xx_it.o(i.MemManage_Handler) for MemManage_Handler
    startup_stm32f103xb.o(RESET) refers to stm32f1xx_it.o(i.BusFault_Handler) for BusFault_Handler
    startup_stm32f103xb.o(RESET) refers to stm32f1xx_it.o(i.UsageFault_Handler) for UsageFault_Handler
    startup_stm32f103xb.o(RESET) refers to stm32f1xx_it.o(i.SVC_Handler) for SVC_Handler
    startup_stm32f103xb.o(RESET) refers to stm32f1xx_it.o(i.DebugMon_Handler) for DebugMon_Handler
    startup_stm32f103xb.o(RESET) refers to stm32f1xx_it.o(i.PendSV_Handler) for PendSV_Handler
    startup_stm32f103xb.o(RESET) refers to stm32f1xx_it.o(i.SysTick_Handler) for SysTick_Handler
    startup_stm32f103xb.o(.text) refers to system_stm32f1xx.o(i.SystemInit) for SystemInit
    startup_stm32f103xb.o(.text) refers to entry.o(.ARM.Collect$$$$00000000) for __main
    stm32f1xx_hal_msp.o(i.HAL_MspInit) refers to stm32f1xx_hal_cortex.o(i.HAL_NVIC_SetPriorityGrouping) for HAL_NVIC_SetPriorityGrouping
    stm32f1xx_hal_msp.o(i.HAL_MspInit) refers to stm32f1xx_hal_cortex.o(i.HAL_NVIC_SetPriority) for HAL_NVIC_SetPriority
    stm32f1xx_hal_msp.o(i.HAL_SPI_MspDeInit) refers to stm32f1xx_hal_gpio.o(i.HAL_GPIO_DeInit) for HAL_GPIO_DeInit
    stm32f1xx_hal_msp.o(i.HAL_SPI_MspInit) refers to stm32f1xx_hal_gpio.o(i.HAL_GPIO_Init) for HAL_GPIO_Init
    main.o(i.MX_GPIO_Init) refers to stm32f1xx_hal_gpio.o(i.HAL_GPIO_WritePin) for HAL_GPIO_WritePin
    main.o(i.MX_GPIO_Init) refers to stm32f1xx_hal_gpio.o(i.HAL_GPIO_Init) for HAL_GPIO_Init
    main.o(i.MX_SPI2_Init) refers to stm32f1xx_hal_spi_ex.o(i.HAL_SPI_Init) for HAL_SPI_Init
    main.o(i.MX_SPI2_Init) refers to main.o(.bss) for .bss
    main.o(i.SystemClock_Config) refers to stm32f1xx_hal_rcc.o(i.HAL_RCC_OscConfig) for HAL_RCC_OscConfig
    main.o(i.SystemClock_Config) refers to stm32f1xx_hal_rcc.o(i.HAL_RCC_ClockConfig) for HAL_RCC_ClockConfig
    main.o(i.SystemClock_Config) refers to stm32f1xx_hal_rcc.o(i.HAL_RCC_GetHCLKFreq) for HAL_RCC_GetHCLKFreq
    main.o(i.SystemClock_Config) refers to stm32f1xx_hal_cortex.o(i.HAL_SYSTICK_Config) for HAL_SYSTICK_Config
    main.o(i.SystemClock_Config) refers to stm32f1xx_hal_cortex.o(i.HAL_SYSTICK_CLKSourceConfig) for HAL_SYSTICK_CLKSourceConfig
    main.o(i.SystemClock_Config) refers to stm32f1xx_hal_cortex.o(i.HAL_NVIC_SetPriority) for HAL_NVIC_SetPriority
    main.o(i.main) refers to stm32f1xx_hal.o(i.HAL_Init) for HAL_Init
    main.o(i.main) refers to main.o(i.SystemClock_Config) for SystemClock_Config
    main.o(i.main) refers to main.o(i.MX_GPIO_Init) for MX_GPIO_Init
    main.o(i.main) refers to main.o(i.MX_SPI2_Init) for MX_SPI2_Init
    main.o(i.main) refers to nrf24l01p.o(i.HAL_nRF24L01P_Init) for HAL_nRF24L01P_Init
    main.o(i.main) refers to nrf24l01p.o(i.HAL_nRF24L01P_TransmitPacket) for HAL_nRF24L01P_TransmitPacket
    main.o(i.main) refers to stm32f1xx_hal.o(i.HAL_Delay) for HAL_Delay
    main.o(i.main) refers to main.o(.bss) for .bss
    main.o(i.main) refers to main.o(.constdata) for .constdata
    main.o(i.main) refers to main.o(.data) for .data
    stm32f1xx_it.o(i.SysTick_Handler) refers to stm32f1xx_hal.o(i.HAL_IncTick) for HAL_IncTick
    stm32f1xx_it.o(i.SysTick_Handler) refers to stm32f1xx_hal_cortex.o(i.HAL_SYSTICK_IRQHandler) for HAL_SYSTICK_IRQHandler
    nrf24l01p.o(i.HAL_nRF24L01P_ACKPayload) refers to nrf24l01p.o(i.HAL_nRF24L01P_ReadRegister) for HAL_nRF24L01P_ReadRegister
    nrf24l01p.o(i.HAL_nRF24L01P_ACKPayload) refers to nrf24l01p.o(i.HAL_nRF24L01P_WriteRegister) for HAL_nRF24L01P_WriteRegister
    nrf24l01p.o(i.HAL_nRF24L01P_AutoACK) refers to nrf24l01p.o(i.HAL_nRF24L01P_ReadRegister) for HAL_nRF24L01P_ReadRegister
    nrf24l01p.o(i.HAL_nRF24L01P_AutoACK) refers to nrf24l01p.o(i.HAL_nRF24L01P_WriteRegister) for HAL_nRF24L01P_WriteRegister
    nrf24l01p.o(i.HAL_nRF24L01P_CE_High) refers to stm32f1xx_hal_gpio.o(i.HAL_GPIO_WritePin) for HAL_GPIO_WritePin
    nrf24l01p.o(i.HAL_nRF24L01P_CE_Low) refers to stm32f1xx_hal_gpio.o(i.HAL_GPIO_WritePin) for HAL_GPIO_WritePin
    nrf24l01p.o(i.HAL_nRF24L01P_CRC) refers to nrf24l01p.o(i.HAL_nRF24L01P_ReadRegister) for HAL_nRF24L01P_ReadRegister
    nrf24l01p.o(i.HAL_nRF24L01P_CRC) refers to nrf24l01p.o(i.HAL_nRF24L01P_WriteRegister) for HAL_nRF24L01P_WriteRegister
    nrf24l01p.o(i.HAL_nRF24L01P_ClearInterrupts) refers to nrf24l01p.o(i.HAL_nRF24L01P_ReadRegister) for HAL_nRF24L01P_ReadRegister
[...]
    nrf24l01p.o(i.HAL_nRF24L01P_TXDataSentIRQ) refers to nrf24l01p.o(i.HAL_nRF24L01P_WriteRegister) for HAL_nRF24L01P_WriteRegister
    nrf24l01p.o(i.HAL_nRF24L01P_TXRX) refers to nrf24l01p.o(i.HAL_nRF24L01P_ReadRegister) for HAL_nRF24L01P_ReadRegister
    nrf24l01p.o(i.HAL_nRF24L01P_TXRX) refers to nrf24l01p.o(i.HAL_nRF24L01P_WriteRegister) for HAL_nRF24L01P_WriteRegister
    nrf24l01p.o(i.HAL_nRF24L01P_TransmitPacket) refers to nrf24l01p.o(i.HAL_nRF24L01P_CE_Low) for HAL_nRF24L01P_CE_Low
    nrf24l01p.o(i.HAL_nRF24L01P_TransmitPacket) refers to nrf24l01p.o(i.HAL_nRF24L01P_TXRX) for HAL_nRF24L01P_TXRX
    nrf24l01p.o(i.HAL_nRF24L01P_TransmitPacket) refers to nrf24l01p.o(i.HAL_nRF24L01P_WriteTXPayload) for HAL_nRF24L01P_WriteTXPayload
    nrf24l01p.o(i.HAL_nRF24L01P_TransmitPacket) refers to nrf24l01p.o(i.HAL_nRF24L01P_CE_High) for HAL_nRF24L01P_CE_High
    nrf24l01p.o(i.HAL_nRF24L01P_TransmitPacketACK) refers to nrf24l01p.o(i.HAL_nRF24L01P_CE_Low) for HAL_nRF24L01P_CE_Low
    nrf24l01p.o(i.HAL_nRF24L01P_TransmitPacketACK) refers to nrf24l01p.o(i.HAL_nRF24L01P_TXRX) for HAL_nRF24L01P_TXRX
    nrf24l01p.o(i.HAL_nRF24L01P_TransmitPacketACK) refers to nrf24l01p.o(i.HAL_nRF24L01P_WriteTXPayloadACK) for HAL_nRF24L01P_WriteTXPayloadACK
    nrf24l01p.o(i.HAL_nRF24L01P_TransmitPacketACK) refers to nrf24l01p.o(i.HAL_nRF24L01P_CE_High) for HAL_nRF24L01P_CE_High
    nrf24l01p.o(i.HAL_nRF24L01P_WriteRegister) refers to nrf24l01p.o(i.HAL_nRF24L01P_SendCommand) for HAL_nRF24L01P_SendCommand
    nrf24l01p.o(i.HAL_nRF24L01P_WriteTXPayload) refers to malloc.o(i.malloc) for malloc
    nrf24l01p.o(i.HAL_nRF24L01P_WriteTXPayload) refers to nrf24l01p.o(i.HAL_nRF24L01P_SendCommand) for HAL_nRF24L01P_SendCommand
    nrf24l01p.o(i.HAL_nRF24L01P_WriteTXPayload) refers to malloc.o(i.free) for free
    nrf24l01p.o(i.HAL_nRF24L01P_WriteTXPayloadACK) refers to malloc.o(i.malloc) for malloc
    nrf24l01p.o(i.HAL_nRF24L01P_WriteTXPayloadACK) refers to nrf24l01p.o(i.HAL_nRF24L01P_SendCommand) for HAL_nRF24L01P_SendCommand
    nrf24l01p.o(i.HAL_nRF24L01P_WriteTXPayloadACK) refers to malloc.o(i.free) for free
    nrf24l01p.o(i.HAL_nRF24L01P_nSS_High) refers to stm32f1xx_hal_gpio.o(i.HAL_GPIO_WritePin) for HAL_GPIO_WritePin
    nrf24l01p.o(i.HAL_nRF24L01P_nSS_Low) refers to stm32f1xx_hal_gpio.o(i.HAL_GPIO_WritePin) for HAL_GPIO_WritePin
    system_stm32f1xx.o(i.SystemCoreClockUpdate) refers to system_stm32f1xx.o(.data) for .data
    system_stm32f1xx.o(i.SystemCoreClockUpdate) refers to system_stm32f1xx.o(.constdata) for .constdata
    stm32f1xx_hal_spi.o(i.HAL_SPI_Abort) refers to stm32f1xx_hal_dma.o(i.HAL_DMA_Abort) for HAL_DMA_Abort
    stm32f1xx_hal_spi.o(i.HAL_SPI_Abort) refers to system_stm32f1xx.o(.data) for SystemCoreClock
    stm32f1xx_hal_spi.o(i.HAL_SPI_Abort) refers to stm32f1xx_hal_spi.o(i.SPI_AbortTx_ISR) for SPI_AbortTx_ISR
    stm32f1xx_hal_spi.o(i.HAL_SPI_Abort) refers to stm32f1xx_hal_spi.o(i.SPI_AbortRx_ISR) for SPI_AbortRx_ISR
    stm32f1xx_hal_spi.o(i.HAL_SPI_Abort_IT) refers to stm32f1xx_hal_dma.o(i.HAL_DMA_Abort_IT) for HAL_DMA_Abort_IT
    stm32f1xx_hal_spi.o(i.HAL_SPI_Abort_IT) refers to stm32f1xx_hal_spi.o(i.HAL_SPI_AbortCpltCallback) for HAL_SPI_AbortCpltCallback
    stm32f1xx_hal_spi.o(i.HAL_SPI_Abort_IT) refers to stm32f1xx_hal_spi.o(i.SPI_AbortTx_ISR) for SPI_AbortTx_ISR
    stm32f1xx_hal_spi.o(i.HAL_SPI_Abort_IT) refers to stm32f1xx_hal_spi.o(i.SPI_AbortRx_ISR) for SPI_AbortRx_ISR
    stm32f1xx_hal_spi.o(i.HAL_SPI_Abort_IT) refers to stm32f1xx_hal_spi.o(i.SPI_DMATxAbortCallback) for SPI_DMATxAbortCallback
    stm32f1xx_hal_spi.o(i.HAL_SPI_Abort_IT) refers to stm32f1xx_hal_spi.o(i.SPI_DMARxAbortCallback) for SPI_DMARxAbortCallback
    stm32f1xx_hal_spi.o(i.HAL_SPI_DMAStop) refers to stm32f1xx_hal_dma.o(i.HAL_DMA_Abort) for HAL_DMA_Abort
    stm32f1xx_hal_spi.o(i.HAL_SPI_DeInit) refers to stm32f1xx_hal_msp.o(i.HAL_SPI_MspDeInit) for HAL_SPI_MspDeInit
    stm32f1xx_hal_spi.o(i.HAL_SPI_IRQHandler) refers to stm32f1xx_hal_dma.o(i.HAL_DMA_Abort_IT) for HAL_DMA_Abort_IT
    stm32f1xx_hal_spi.o(i.HAL_SPI_IRQHandler) refers to stm32f1xx_hal_spi.o(i.HAL_SPI_ErrorCallback) for HAL_SPI_ErrorCallback
    stm32f1xx_hal_spi.o(i.HAL_SPI_IRQHandler) refers to stm32f1xx_hal_spi.o(i.SPI_DMAAbortOnError) for SPI_DMAAbortOnError
    stm32f1xx_hal_spi.o(i.HAL_SPI_Init) refers to stm32f1xx_hal_msp.o(i.HAL_SPI_MspInit) for HAL_SPI_MspInit
    stm32f1xx_hal_spi.o(i.HAL_SPI_Receive) refers to stm32f1xx_hal.o(i.HAL_GetTick) for HAL_GetTick
    stm32f1xx_hal_spi.o(i.HAL_SPI_Receive) refers to stm32f1xx_hal_spi.o(i.HAL_SPI_TransmitReceive) for HAL_SPI_TransmitReceive
    stm32f1xx_hal_spi.o(i.HAL_SPI_Receive_DMA) refers to stm32f1xx_hal_spi.o(i.HAL_SPI_TransmitReceive_DMA) for HAL_SPI_TransmitReceive_DMA
    stm32f1xx_hal_spi.o(i.HAL_SPI_Receive_DMA) refers to stm32f1xx_hal_dma.o(i.HAL_DMA_Start_IT) for HAL_DMA_Start_IT
    stm32f1xx_hal_spi.o(i.HAL_SPI_Receive_DMA) refers to stm32f1xx_hal_spi.o(i.SPI_DMAHalfReceiveCplt) for SPI_DMAHalfReceiveCplt
    stm32f1xx_hal_spi.o(i.HAL_SPI_Receive_DMA) refers to stm32f1xx_hal_spi.o(i.SPI_DMAReceiveCplt) for SPI_DMAReceiveCplt
    stm32f1xx_hal_spi.o(i.HAL_SPI_Receive_DMA) refers to stm32f1xx_hal_spi.o(i.SPI_DMAError) for SPI_DMAError
    stm32f1xx_hal_spi.o(i.HAL_SPI_Receive_IT) refers to stm32f1xx_hal_spi.o(i.HAL_SPI_TransmitReceive_IT) for HAL_SPI_TransmitReceive_IT
    stm32f1xx_hal_spi.o(i.HAL_SPI_Receive_IT) refers to stm32f1xx_hal_spi.o(i.SPI_RxISR_16BIT) for SPI_RxISR_16BIT
    stm32f1xx_hal_spi.o(i.HAL_SPI_Receive_IT) refers to stm32f1xx_hal_spi.o(i.SPI_RxISR_8BIT) for SPI_RxISR_8BIT
    stm32f1xx_hal_spi.o(i.HAL_SPI_Transmit) refers to stm32f1xx_hal.o(i.HAL_GetTick) for HAL_GetTick
    stm32f1xx_hal_spi.o(i.HAL_SPI_Transmit) refers to stm32f1xx_hal_spi.o(i.SPI_WaitFlagStateUntilTimeout) for SPI_WaitFlagStateUntilTimeout
    stm32f1xx_hal_spi.o(i.HAL_SPI_Transmit) refers to stm32f1xx_hal_spi.o(i.SPI_CheckFlag_BSY) for SPI_CheckFlag_BSY
    stm32f1xx_hal_spi.o(i.HAL_SPI_TransmitReceive) refers to stm32f1xx_hal.o(i.HAL_GetTick) for HAL_GetTick
    stm32f1xx_hal_spi.o(i.HAL_SPI_TransmitReceive) refers to stm32f1xx_hal_spi.o(i.SPI_WaitFlagStateUntilTimeout) for SPI_WaitFlagStateUntilTimeout
    stm32f1xx_hal_spi.o(i.HAL_SPI_TransmitReceive) refers to stm32f1xx_hal_spi.o(i.SPI_CheckFlag_BSY) for SPI_CheckFlag_BSY
    stm32f1xx_hal_spi.o(i.HAL_SPI_TransmitReceive_DMA) refers to stm32f1xx_hal_dma.o(i.HAL_DMA_Start_IT) for HAL_DMA_Start_IT
    stm32f1xx_hal_spi.o(i.HAL_SPI_TransmitReceive_DMA) refers to stm32f1xx_hal_spi.o(i.SPI_DMAHalfTransmitReceiveCplt) for SPI_DMAHalfTransmitReceiveCplt
    stm32f1xx_hal_spi.o(i.HAL_SPI_TransmitReceive_DMA) refers to stm32f1xx_hal_spi.o(i.SPI_DMATransmitReceiveCplt) for SPI_DMATransmitReceiveCplt
    stm32f1xx_hal_spi.o(i.HAL_SPI_TransmitReceive_DMA) refers to stm32f1xx_hal_spi.o(i.SPI_DMAError) for SPI_DMAError
    stm32f1xx_hal_spi.o(i.HAL_SPI_TransmitReceive_DMA) refers to stm32f1xx_hal_spi.o(i.SPI_DMAHalfReceiveCplt) for SPI_DMAHalfReceiveCplt
    stm32f1xx_hal_spi.o(i.HAL_SPI_TransmitReceive_DMA) refers to stm32f1xx_hal_spi.o(i.SPI_DMAReceiveCplt) for SPI_DMAReceiveCplt
    stm32f1xx_hal_spi.o(i.HAL_SPI_TransmitReceive_IT) refers to stm32f1xx_hal_spi.o(i.SPI_2linesRxISR_16BIT) for SPI_2linesRxISR_16BIT
    stm32f1xx_hal_spi.o(i.HAL_SPI_TransmitReceive_IT) refers to stm32f1xx_hal_spi.o(i.SPI_2linesTxISR_16BIT) for SPI_2linesTxISR_16BIT
    stm32f1xx_hal_spi.o(i.HAL_SPI_TransmitReceive_IT) refers to stm32f1xx_hal_spi.o(i.SPI_2linesRxISR_8BIT) for SPI_2linesRxISR_8BIT
    stm32f1xx_hal_spi.o(i.HAL_SPI_TransmitReceive_IT) refers to stm32f1xx_hal_spi.o(i.SPI_2linesTxISR_8BIT) for SPI_2linesTxISR_8BIT
    stm32f1xx_hal_spi.o(i.HAL_SPI_Transmit_DMA) refers to stm32f1xx_hal_dma.o(i.HAL_DMA_Start_IT) for HAL_DMA_Start_IT
    stm32f1xx_hal_spi.o(i.HAL_SPI_Transmit_DMA) refers to stm32f1xx_hal_spi.o(i.SPI_DMAHalfTransmitCplt) for SPI_DMAHalfTransmitCplt
    stm32f1xx_hal_spi.o(i.HAL_SPI_Transmit_DMA) refers to stm32f1xx_hal_spi.o(i.SPI_DMATransmitCplt) for SPI_DMATransmitCplt
    stm32f1xx_hal_spi.o(i.HAL_SPI_Transmit_DMA) refers to stm32f1xx_hal_spi.o(i.SPI_DMAError) for SPI_DMAError
    stm32f1xx_hal_spi.o(i.HAL_SPI_Transmit_IT) refers to stm32f1xx_hal_spi.o(i.SPI_TxISR_16BIT) for SPI_TxISR_16BIT
    stm32f1xx_hal_spi.o(i.HAL_SPI_Transmit_IT) refers to stm32f1xx_hal_spi.o(i.SPI_TxISR_8BIT) for SPI_TxISR_8BIT
    stm32f1xx_hal_spi.o(i.SPI_2linesRxISR_16BIT) refers to stm32f1xx_hal_spi.o(i.SPI_CloseRxTx_ISR) for SPI_CloseRxTx_ISR
    stm32f1xx_hal_spi.o(i.SPI_2linesRxISR_8BIT) refers to stm32f1xx_hal_spi.o(i.SPI_CloseRxTx_ISR) for SPI_CloseRxTx_ISR
    stm32f1xx_hal_spi.o(i.SPI_2linesTxISR_16BIT) refers to stm32f1xx_hal_spi.o(i.SPI_CloseRxTx_ISR) for SPI_CloseRxTx_ISR
    stm32f1xx_hal_spi.o(i.SPI_2linesTxISR_8BIT) refers to stm32f1xx_hal_spi.o(i.SPI_CloseRxTx_ISR) for SPI_CloseRxTx_ISR
    stm32f1xx_hal_spi.o(i.SPI_AbortRx_ISR) refers to system_stm32f1xx.o(.data) for SystemCoreClock
    stm32f1xx_hal_spi.o(i.SPI_CheckFlag_BSY) refers to stm32f1xx_hal_spi.o(i.SPI_WaitFlagStateUntilTimeout) for SPI_WaitFlagStateUntilTimeout
    stm32f1xx_hal_spi.o(i.SPI_CloseRxTx_ISR) refers to stm32f1xx_hal.o(i.HAL_GetTick) for HAL_GetTick
    stm32f1xx_hal_spi.o(i.SPI_CloseRxTx_ISR) refers to stm32f1xx_hal_spi.o(i.SPI_CheckFlag_BSY) for SPI_CheckFlag_BSY
    stm32f1xx_hal_spi.o(i.SPI_CloseRxTx_ISR) refers to stm32f1xx_hal_spi.o(i.HAL_SPI_ErrorCallback) for HAL_SPI_ErrorCallback
    stm32f1xx_hal_spi.o(i.SPI_CloseRxTx_ISR) refers to stm32f1xx_hal_spi.o(i.HAL_SPI_TxRxCpltCallback) for HAL_SPI_TxRxCpltCallback
    stm32f1xx_hal_spi.o(i.SPI_CloseRxTx_ISR) refers to stm32f1xx_hal_spi.o(i.HAL_SPI_RxCpltCallback) for HAL_SPI_RxCpltCallback
    stm32f1xx_hal_spi.o(i.SPI_CloseRxTx_ISR) refers to system_stm32f1xx.o(.data) for SystemCoreClock
    stm32f1xx_hal_spi.o(i.SPI_CloseRx_ISR) refers to stm32f1xx_hal_spi.o(i.HAL_SPI_ErrorCallback) for HAL_SPI_ErrorCallback
    stm32f1xx_hal_spi.o(i.SPI_CloseRx_ISR) refers to stm32f1xx_hal_spi.o(i.HAL_SPI_RxCpltCallback) for HAL_SPI_RxCpltCallback
    stm32f1xx_hal_spi.o(i.SPI_CloseTx_ISR) refers to stm32f1xx_hal.o(i.HAL_GetTick) for HAL_GetTick
    stm32f1xx_hal_spi.o(i.SPI_CloseTx_ISR) refers to stm32f1xx_hal_spi.o(i.SPI_CheckFlag_BSY) for SPI_CheckFlag_BSY
    stm32f1xx_hal_spi.o(i.SPI_CloseTx_ISR) refers to stm32f1xx_hal_spi.o(i.HAL_SPI_ErrorCallback) for HAL_SPI_ErrorCallback
    stm32f1xx_hal_spi.o(i.SPI_CloseTx_ISR) refers to stm32f1xx_hal_spi.o(i.HAL_SPI_TxCpltCallback) for HAL_SPI_TxCpltCallback
    stm32f1xx_hal_spi.o(i.SPI_CloseTx_ISR) refers to system_stm32f1xx.o(.data) for SystemCoreClock
    stm32f1xx_hal_spi.o(i.SPI_DMAAbortOnError) refers to stm32f1xx_hal_spi.o(i.HAL_SPI_ErrorCallback) for HAL_SPI_ErrorCallback
    stm32f1xx_hal_spi.o(i.SPI_DMAError) refers to stm32f1xx_hal_spi.o(i.HAL_SPI_ErrorCallback) for HAL_SPI_ErrorCallback
    stm32f1xx_hal_spi.o(i.SPI_DMAHalfReceiveCplt) refers to stm32f1xx_hal_spi.o(i.HAL_SPI_RxHalfCpltCallback) for HAL_SPI_RxHalfCpltCallback
    stm32f1xx_hal_spi.o(i.SPI_DMAHalfTransmitCplt) refers to stm32f1xx_hal_spi.o(i.HAL_SPI_TxHalfCpltCallback) for HAL_SPI_TxHalfCpltCallback
    stm32f1xx_hal_spi.o(i.SPI_DMAHalfTransmitReceiveCplt) refers to stm32f1xx_hal_spi.o(i.HAL_SPI_TxRxHalfCpltCallback) for HAL_SPI_TxRxHalfCpltCallback
    stm32f1xx_hal_spi.o(i.SPI_DMAReceiveCplt) refers to stm32f1xx_hal_spi.o(i.HAL_SPI_ErrorCallback) for HAL_SPI_ErrorCallback
    stm32f1xx_hal_spi.o(i.SPI_DMAReceiveCplt) refers to stm32f1xx_hal_spi.o(i.HAL_SPI_RxCpltCallback) for HAL_SPI_RxCpltCallback
    stm32f1xx_hal_spi.o(i.SPI_DMARxAbortCallback) refers to stm32f1xx_hal_spi.o(i.HAL_SPI_AbortCpltCallback) for HAL_SPI_AbortCpltCallback
    stm32f1xx_hal_spi.o(i.SPI_DMATransmitCplt) refers to stm32f1xx_hal.o(i.HAL_GetTick) for HAL_GetTick
    stm32f1xx_hal_spi.o(i.SPI_DMATransmitCplt) refers to stm32f1xx_hal_spi.o(i.SPI_CheckFlag_BSY) for SPI_CheckFlag_BSY
    stm32f1xx_hal_spi.o(i.SPI_DMATransmitCplt) refers to stm32f1xx_hal_spi.o(i.HAL_SPI_ErrorCallback) for HAL_SPI_ErrorCallback
    stm32f1xx_hal_spi.o(i.SPI_DMATransmitCplt) refers to stm32f1xx_hal_spi.o(i.HAL_SPI_TxCpltCallback) for HAL_SPI_TxCpltCallback
    stm32f1xx_hal_spi.o(i.SPI_DMATransmitReceiveCplt) refers to stm32f1xx_hal.o(i.HAL_GetTick) for HAL_GetTick
    stm32f1xx_hal_spi.o(i.SPI_DMATransmitReceiveCplt) refers to stm32f1xx_hal_spi.o(i.SPI_CheckFlag_BSY) for SPI_CheckFlag_BSY
    stm32f1xx_hal_spi.o(i.SPI_DMATransmitReceiveCplt) refers to stm32f1xx_hal_spi.o(i.HAL_SPI_ErrorCallback) for HAL_SPI_ErrorCallback
    stm32f1xx_hal_spi.o(i.SPI_DMATransmitReceiveCplt) refers to stm32f1xx_hal_spi.o(i.HAL_SPI_TxRxCpltCallback) for HAL_SPI_TxRxCpltCallback
    stm32f1xx_hal_spi.o(i.SPI_DMATxAbortCallback) refers to stm32f1xx_hal_spi.o(i.HAL_SPI_AbortCpltCallback) for HAL_SPI_AbortCpltCallback
    stm32f1xx_hal_spi.o(i.SPI_DMATxAbortCallback) refers to system_stm32f1xx.o(.data) for SystemCoreClock
    stm32f1xx_hal_spi.o(i.SPI_RxISR_16BIT) refers to stm32f1xx_hal_spi.o(i.SPI_CloseRx_ISR) for SPI_CloseRx_ISR
    stm32f1xx_hal_spi.o(i.SPI_RxISR_8BIT) refers to stm32f1xx_hal_spi.o(i.SPI_CloseRx_ISR) for SPI_CloseRx_ISR
    stm32f1xx_hal_spi.o(i.SPI_TxISR_16BIT) refers to stm32f1xx_hal_spi.o(i.SPI_CloseTx_ISR) for SPI_CloseTx_ISR
    stm32f1xx_hal_spi.o(i.SPI_TxISR_8BIT) refers to stm32f1xx_hal_spi.o(i.SPI_CloseTx_ISR) for SPI_CloseTx_ISR
    stm32f1xx_hal_spi.o(i.SPI_WaitFlagStateUntilTimeout) refers to stm32f1xx_hal.o(i.HAL_GetTick) for HAL_GetTick
    stm32f1xx_hal_spi_ex.o(i.HAL_SPI_Init) refers to stm32f1xx_hal_msp.o(i.HAL_SPI_MspInit) for HAL_SPI_MspInit
    stm32f1xx_hal.o(i.HAL_DeInit) refers to stm32f1xx_hal.o(i.HAL_MspDeInit) for HAL_MspDeInit
    stm32f1xx_hal.o(i.HAL_Delay) refers to stm32f1xx_hal.o(i.HAL_GetTick) for HAL_GetTick
    stm32f1xx_hal.o(i.HAL_Delay) refers to stm32f1xx_hal.o(.data) for .data
    stm32f1xx_hal.o(i.HAL_GetTick) refers to stm32f1xx_hal.o(.data) for .data
    stm32f1xx_hal.o(i.HAL_GetTickFreq) refers to stm32f1xx_hal.o(.data) for .data
    stm32f1xx_hal.o(i.HAL_GetTickPrio) refers to stm32f1xx_hal.o(.data) for .data
    stm32f1xx_hal.o(i.HAL_IncTick) refers to stm32f1xx_hal.o(.data) for .data
    stm32f1xx_hal.o(i.HAL_Init) refers to stm32f1xx_hal_cortex.o(i.HAL_NVIC_SetPriorityGrouping) for HAL_NVIC_SetPriorityGrouping
    stm32f1xx_hal.o(i.HAL_Init) refers to stm32f1xx_hal.o(i.HAL_InitTick) for HAL_InitTick
    stm32f1xx_hal.o(i.HAL_Init) refers to stm32f1xx_hal_msp.o(i.HAL_MspInit) for HAL_MspInit
    stm32f1xx_hal.o(i.HAL_InitTick) refers to stm32f1xx_hal_cortex.o(i.HAL_SYSTICK_Config) for HAL_SYSTICK_Config
    stm32f1xx_hal.o(i.HAL_InitTick) refers to stm32f1xx_hal_cortex.o(i.HAL_NVIC_SetPriority) for HAL_NVIC_SetPriority
    stm32f1xx_hal.o(i.HAL_InitTick) refers to stm32f1xx_hal.o(.data) for .data
    stm32f1xx_hal.o(i.HAL_InitTick) refers to system_stm32f1xx.o(.data) for SystemCoreClock
    stm32f1xx_hal.o(i.HAL_SetTickFreq) refers to stm32f1xx_hal.o(i.HAL_InitTick) for HAL_InitTick
    stm32f1xx_hal.o(i.HAL_SetTickFreq) refers to stm32f1xx_hal.o(.data) for .data
    stm32f1xx_hal_flash_ex.o(i.FLASH_MassErase) refers to stm32f1xx_hal_flash.o(.bss) for pFlash
    stm32f1xx_hal_flash_ex.o(i.FLASH_OB_DisableWRP) refers to stm32f1xx_hal_flash.o(i.FLASH_WaitForLastOperation) for FLASH_WaitForLastOperation
    stm32f1xx_hal_flash_ex.o(i.FLASH_OB_DisableWRP) refers to stm32f1xx_hal_flash_ex.o(i.HAL_FLASHEx_OBErase) for HAL_FLASHEx_OBErase
    stm32f1xx_hal_flash_ex.o(i.FLASH_OB_DisableWRP) refers to stm32f1xx_hal_flash.o(.bss) for pFlash
    stm32f1xx_hal_flash_ex.o(i.FLASH_OB_EnableWRP) refers to stm32f1xx_hal_flash.o(i.FLASH_WaitForLastOperation) for FLASH_WaitForLastOperation
    stm32f1xx_hal_flash_ex.o(i.FLASH_OB_EnableWRP) refers to stm32f1xx_hal_flash_ex.o(i.HAL_FLASHEx_OBErase) for HAL_FLASHEx_OBErase
    stm32f1xx_hal_flash_ex.o(i.FLASH_OB_EnableWRP) refers to stm32f1xx_hal_flash.o(.bss) for pFlash
    stm32f1xx_hal_flash_ex.o(i.FLASH_OB_RDP_LevelConfig) refers to stm32f1xx_hal_flash.o(i.FLASH_WaitForLastOperation) for FLASH_WaitForLastOperation
    stm32f1xx_hal_flash_ex.o(i.FLASH_OB_RDP_LevelConfig) refers to stm32f1xx_hal_flash.o(.bss) for pFlash
    stm32f1xx_hal_flash_ex.o(i.FLASH_PageErase) refers to stm32f1xx_hal_flash.o(.bss) for pFlash
    stm32f1xx_hal_flash_ex.o(i.HAL_FLASHEx_Erase) refers to stm32f1xx_hal_flash.o(i.FLASH_WaitForLastOperation) for FLASH_WaitForLastOperation
    stm32f1xx_hal_flash_ex.o(i.HAL_FLASHEx_Erase) refers to stm32f1xx_hal_flash_ex.o(i.FLASH_MassErase) for FLASH_MassErase
    stm32f1xx_hal_flash_ex.o(i.HAL_FLASHEx_Erase) refers to stm32f1xx_hal_flash_ex.o(i.FLASH_PageErase) for FLASH_PageErase
    stm32f1xx_hal_flash_ex.o(i.HAL_FLASHEx_Erase) refers to stm32f1xx_hal_flash.o(.bss) for pFlash
    stm32f1xx_hal_flash_ex.o(i.HAL_FLASHEx_Erase_IT) refers to stm32f1xx_hal_flash_ex.o(i.FLASH_PageErase) for FLASH_PageErase
    stm32f1xx_hal_flash_ex.o(i.HAL_FLASHEx_Erase_IT) refers to stm32f1xx_hal_flash_ex.o(i.FLASH_MassErase) for FLASH_MassErase
    stm32f1xx_hal_flash_ex.o(i.HAL_FLASHEx_Erase_IT) refers to stm32f1xx_hal_flash.o(.bss) for pFlash
    stm32f1xx_hal_flash_ex.o(i.HAL_FLASHEx_OBErase) refers to stm32f1xx_hal_flash_ex.o(i.FLASH_OB_GetRDP) for FLASH_OB_GetRDP
    stm32f1xx_hal_flash_ex.o(i.HAL_FLASHEx_OBErase) refers to stm32f1xx_hal_flash.o(i.FLASH_WaitForLastOperation) for FLASH_WaitForLastOperation
    stm32f1xx_hal_flash_ex.o(i.HAL_FLASHEx_OBErase) refers to stm32f1xx_hal_flash_ex.o(i.FLASH_OB_RDP_LevelConfig) for FLASH_OB_RDP_LevelConfig
    stm32f1xx_hal_flash_ex.o(i.HAL_FLASHEx_OBErase) refers to stm32f1xx_hal_flash.o(.bss) for pFlash
    stm32f1xx_hal_flash_ex.o(i.HAL_FLASHEx_OBGetConfig) refers to stm32f1xx_hal_flash_ex.o(i.FLASH_OB_GetRDP) for FLASH_OB_GetRDP
    stm32f1xx_hal_flash_ex.o(i.HAL_FLASHEx_OBProgram) refers to stm32f1xx_hal_flash_ex.o(i.FLASH_OB_DisableWRP) for FLASH_OB_DisableWRP
    stm32f1xx_hal_flash_ex.o(i.HAL_FLASHEx_OBProgram) refers to stm32f1xx_hal_flash_ex.o(i.FLASH_OB_EnableWRP) for FLASH_OB_EnableWRP
    stm32f1xx_hal_flash_ex.o(i.HAL_FLASHEx_OBProgram) refers to stm32f1xx_hal_flash_ex.o(i.FLASH_OB_RDP_LevelConfig) for FLASH_OB_RDP_LevelConfig
    stm32f1xx_hal_flash_ex.o(i.HAL_FLASHEx_OBProgram) refers to stm32f1xx_hal_flash.o(i.FLASH_WaitForLastOperation) for FLASH_WaitForLastOperation
    stm32f1xx_hal_flash_ex.o(i.HAL_FLASHEx_OBProgram) refers to stm32f1xx_hal_flash.o(.bss) for pFlash
    stm32f1xx_hal_flash.o(i.FLASH_Program_HalfWord) refers to stm32f1xx_hal_flash.o(.bss) for .bss
    stm32f1xx_hal_flash.o(i.FLASH_SetErrorCode) refers to stm32f1xx_hal_flash.o(.bss) for .bss
    stm32f1xx_hal_flash.o(i.FLASH_WaitForLastOperation) refers to stm32f1xx_hal.o(i.HAL_GetTick) for HAL_GetTick
    stm32f1xx_hal_flash.o(i.FLASH_WaitForLastOperation) refers to stm32f1xx_hal_flash.o(i.FLASH_SetErrorCode) for FLASH_SetErrorCode
    stm32f1xx_hal_flash.o(i.HAL_FLASH_GetError) refers to stm32f1xx_hal_flash.o(.bss) for .bss
    stm32f1xx_hal_flash.o(i.HAL_FLASH_IRQHandler) refers to stm32f1xx_hal_flash.o(i.FLASH_SetErrorCode) for FLASH_SetErrorCode
    stm32f1xx_hal_flash.o(i.HAL_FLASH_IRQHandler) refers to stm32f1xx_hal_flash.o(i.HAL_FLASH_OperationErrorCallback) for HAL_FLASH_OperationErrorCallback
    stm32f1xx_hal_flash.o(i.HAL_FLASH_IRQHandler) refers to stm32f1xx_hal_flash.o(i.FLASH_Program_HalfWord) for FLASH_Program_HalfWord
    stm32f1xx_hal_flash.o(i.HAL_FLASH_IRQHandler) refers to stm32f1xx_hal_flash.o(i.HAL_FLASH_EndOfOperationCallback) for HAL_FLASH_EndOfOperationCallback
    stm32f1xx_hal_flash.o(i.HAL_FLASH_IRQHandler) refers to stm32f1xx_hal_flash_ex.o(i.FLASH_PageErase) for FLASH_PageErase
    stm32f1xx_hal_flash.o(i.HAL_FLASH_IRQHandler) refers to stm32f1xx_hal_flash.o(.bss) for .bss
    stm32f1xx_hal_flash.o(i.HAL_FLASH_OB_Launch) refers to stm32f1xx_hal_cortex.o(i.HAL_NVIC_SystemReset) for HAL_NVIC_SystemReset
    stm32f1xx_hal_flash.o(i.HAL_FLASH_Program) refers to stm32f1xx_hal_flash.o(i.FLASH_WaitForLastOperation) for FLASH_WaitForLastOperation
    stm32f1xx_hal_flash.o(i.HAL_FLASH_Program) refers to llushr.o(.text) for __aeabi_llsr
    stm32f1xx_hal_flash.o(i.HAL_FLASH_Program) refers to stm32f1xx_hal_flash.o(i.FLASH_Program_HalfWord) for FLASH_Program_HalfWord
    stm32f1xx_hal_flash.o(i.HAL_FLASH_Program) refers to stm32f1xx_hal_flash.o(.bss) for .bss
    stm32f1xx_hal_flash.o(i.HAL_FLASH_Program_IT) refers to stm32f1xx_hal_flash.o(i.FLASH_Program_HalfWord) for FLASH_Program_HalfWord
    stm32f1xx_hal_flash.o(i.HAL_FLASH_Program_IT) refers to stm32f1xx_hal_flash.o(.bss) for .bss
    stm32f1xx_hal_dma.o(i.HAL_DMA_PollForTransfer) refers to stm32f1xx_hal.o(i.HAL_GetTick) for HAL_GetTick
    stm32f1xx_hal_dma.o(i.HAL_DMA_Start) refers to stm32f1xx_hal_dma.o(i.DMA_SetConfig) for DMA_SetConfig
    stm32f1xx_hal_dma.o(i.HAL_DMA_Start_IT) refers to stm32f1xx_hal_dma.o(i.DMA_SetConfig) for DMA_SetConfig
    stm32f1xx_hal_gpio.o(i.HAL_GPIO_EXTI_IRQHandler) refers to stm32f1xx_hal_gpio.o(i.HAL_GPIO_EXTI_Callback) for HAL_GPIO_EXTI_Callback
    stm32f1xx_hal_rcc.o(i.HAL_RCC_ClockConfig) refers to stm32f1xx_hal.o(i.HAL_GetTick) for HAL_GetTick
    stm32f1xx_hal_rcc.o(i.HAL_RCC_ClockConfig) refers to stm32f1xx_hal_rcc.o(i.HAL_RCC_GetSysClockFreq) for HAL_RCC_GetSysClockFreq
    stm32f1xx_hal_rcc.o(i.HAL_RCC_ClockConfig) refers to stm32f1xx_hal.o(i.HAL_InitTick) for HAL_InitTick
    stm32f1xx_hal_rcc.o(i.HAL_RCC_ClockConfig) refers to system_stm32f1xx.o(.constdata) for AHBPrescTable
    stm32f1xx_hal_rcc.o(i.HAL_RCC_ClockConfig) refers to system_stm32f1xx.o(.data) for SystemCoreClock
    stm32f1xx_hal_rcc.o(i.HAL_RCC_DeInit) refers to stm32f1xx_hal.o(i.HAL_GetTick) for HAL_GetTick
    stm32f1xx_hal_rcc.o(i.HAL_RCC_DeInit) refers to stm32f1xx_hal.o(i.HAL_InitTick) for HAL_InitTick
    stm32f1xx_hal_rcc.o(i.HAL_RCC_DeInit) refers to system_stm32f1xx.o(.data) for SystemCoreClock
    stm32f1xx_hal_rcc.o(i.HAL_RCC_GetHCLKFreq) refers to system_stm32f1xx.o(.data) for SystemCoreClock
    stm32f1xx_hal_rcc.o(i.HAL_RCC_GetPCLK1Freq) refers to system_stm32f1xx.o(.data) for SystemCoreClock
    stm32f1xx_hal_rcc.o(i.HAL_RCC_GetPCLK1Freq) refers to system_stm32f1xx.o(.constdata) for APBPrescTable
    stm32f1xx_hal_rcc.o(i.HAL_RCC_GetPCLK2Freq) refers to system_stm32f1xx.o(.data) for SystemCoreClock
    stm32f1xx_hal_rcc.o(i.HAL_RCC_GetPCLK2Freq) refers to system_stm32f1xx.o(.constdata) for APBPrescTable
    stm32f1xx_hal_rcc.o(i.HAL_RCC_MCOConfig) refers to stm32f1xx_hal_gpio.o(i.HAL_GPIO_Init) for HAL_GPIO_Init
    stm32f1xx_hal_rcc.o(i.HAL_RCC_NMI_IRQHandler) refers to stm32f1xx_hal_rcc.o(i.HAL_RCC_CSSCallback) for HAL_RCC_CSSCallback
    stm32f1xx_hal_rcc.o(i.HAL_RCC_OscConfig) refers to stm32f1xx_hal.o(i.HAL_GetTick) for HAL_GetTick
    stm32f1xx_hal_rcc.o(i.HAL_RCC_OscConfig) refers to system_stm32f1xx.o(.data) for SystemCoreClock
    stm32f1xx_hal_pwr.o(i.HAL_PWR_EnterSTOPMode) refers to stm32f1xx_hal_pwr.o(i.PWR_OverloadWfe) for PWR_OverloadWfe
    stm32f1xx_hal_pwr.o(i.HAL_PWR_PVD_IRQHandler) refers to stm32f1xx_hal_pwr.o(i.HAL_PWR_PVDCallback) for HAL_PWR_PVDCallback
    stm32f1xx_hal_cortex.o(i.HAL_NVIC_SetPriority) refers to stm32f1xx_hal_cortex.o(i.NVIC_SetPriority) for NVIC_SetPriority
    stm32f1xx_hal_cortex.o(i.HAL_SYSTICK_Config) refers to stm32f1xx_hal_cortex.o(i.NVIC_SetPriority) for NVIC_SetPriority
    stm32f1xx_hal_cortex.o(i.HAL_SYSTICK_IRQHandler) refers to stm32f1xx_hal_cortex.o(i.HAL_SYSTICK_Callback) for HAL_SYSTICK_Callback
    stm32f1xx_hal_rcc_ex.o(i.HAL_RCCEx_GetPeriphCLKFreq) refers to stm32f1xx_hal_rcc.o(i.HAL_RCC_GetPCLK2Freq) for HAL_RCC_GetPCLK2Freq
    stm32f1xx_hal_rcc_ex.o(i.HAL_RCCEx_PeriphCLKConfig) refers to stm32f1xx_hal.o(i.HAL_GetTick) for HAL_GetTick
    entry.o(.ARM.Collect$$$$00000000) refers (Special) to entry10a.o(.ARM.Collect$$$$0000000D) for __rt_final_cpp
    entry.o(.ARM.Collect$$$$00000000) refers (Special) to entry11a.o(.ARM.Collect$$$$0000000F) for __rt_final_exit
    entry.o(.ARM.Collect$$$$00000000) refers (Special) to entry7b.o(.ARM.Collect$$$$00000008) for _main_clock
    entry.o(.ARM.Collect$$$$00000000) refers (Special) to entry8b.o(.ARM.Collect$$$$0000000A) for _main_cpp_init
    entry.o(.ARM.Collect$$$$00000000) refers (Special) to entry9a.o(.ARM.Collect$$$$0000000B) for _main_init
    entry.o(.ARM.Collect$$$$00000000) refers (Special) to entry5.o(.ARM.Collect$$$$00000004) for _main_scatterload
    entry.o(.ARM.Collect$$$$00000000) refers (Special) to entry2.o(.ARM.Collect$$$$00000001) for _main_stk
    malloc.o(i.free) refers to mvars.o(.data) for __microlib_freelist
    malloc.o(i.malloc) refers to mvars.o(.data) for __microlib_freelist_initialised
    malloc.o(i.malloc) refers to mvars.o(.data) for __microlib_freelist
    malloc.o(i.malloc) refers to startup_stm32f103xb.o(HEAP) for __heap_base
    mallocr.o(i.__free$realloc) refers to mvars.o(.data) for __microlib_freelist
    mallocr.o(i.__malloc$realloc) refers to mallocr.o(i.internal_alloc) for internal_alloc
    mallocr.o(i.__malloc$realloc) refers to mvars.o(.data) for __microlib_freelist_initialised
    mallocr.o(i.__malloc$realloc) refers to startup_stm32f103xb.o(HEAP) for __heap_base
    mallocr.o(i.__malloc$realloc) refers to mvars.o(.data) for __microlib_freelist
    mallocr.o(i.internal_alloc) refers to memcpya.o(.text) for __aeabi_memcpy
    mallocr.o(i.internal_alloc) refers to mvars.o(.data) for __microlib_freelist
    mallocr.o(i.realloc) refers to mallocr.o(i.__free$realloc) for __free$realloc
    mallocr.o(i.realloc) refers to mallocr.o(i.internal_alloc) for internal_alloc
    mallocr.o(i.realloc) refers to mallocr.o(i.__malloc$realloc) for __malloc$realloc
    mallocr.o(i.realloc) refers to mvars.o(.data) for __microlib_freelist
    malloca.o(i.__aligned_malloc) refers to mvars.o(.data) for __microlib_freelist_initialised
    malloca.o(i.__aligned_malloc) refers to mvars.o(.data) for __microlib_freelist
    malloca.o(i.__aligned_malloc) refers to startup_stm32f103xb.o(HEAP) for __heap_base
    malloca.o(i.__free$memalign) refers to mvars.o(.data) for __microlib_freelist
    malloca.o(i.__malloc$memalign) refers to malloca.o(i.__aligned_malloc) for __aligned_malloc
    mallocra.o(i.__aligned_malloc$realloc) refers to mallocra.o(i.internal_alloc) for internal_alloc
    mallocra.o(i.__aligned_malloc$realloc) refers to mvars.o(.data) for __microlib_freelist_initialised
    mallocra.o(i.__aligned_malloc$realloc) refers to startup_stm32f103xb.o(HEAP) for __heap_base
    mallocra.o(i.__aligned_malloc$realloc) refers to mvars.o(.data) for __microlib_freelist
    mallocra.o(i.__free$realloc$memalign) refers to mvars.o(.data) for __microlib_freelist
    mallocra.o(i.__malloc$realloc$memalign) refers to mallocra.o(i.__aligned_malloc$realloc) for __aligned_malloc$realloc
    mallocra.o(i.__realloc$memalign) refers to mallocra.o(i.__free$realloc$memalign) for __free$realloc$memalign
    mallocra.o(i.__realloc$memalign) refers to mallocra.o(i.internal_alloc) for internal_alloc
    mallocra.o(i.__realloc$memalign) refers to mallocra.o(i.__malloc$realloc$memalign) for __malloc$realloc$memalign
    mallocra.o(i.__realloc$memalign) refers to mvars.o(.data) for __microlib_freelist
    mallocra.o(i.internal_alloc) refers to memcpya.o(.text) for __aeabi_memcpy
    mallocra.o(i.internal_alloc) refers to mvars.o(.data) for __microlib_freelist
    entry2.o(.ARM.Collect$$$$00000001) refers to entry2.o(.ARM.Collect$$$$00002712) for __lit__00000000
    entry2.o(.ARM.Collect$$$$00002712) refers to startup_stm32f103xb.o(STACK) for __initial_sp
    entry2.o(__vectab_stack_and_reset_area) refers to startup_stm32f103xb.o(STACK) for __initial_sp
    entry2.o(__vectab_stack_and_reset_area) refers to entry.o(.ARM.Collect$$$$00000000) for __main
    entry5.o(.ARM.Collect$$$$00000004) refers to init.o(.text) for __scatterload
    entry9a.o(.ARM.Collect$$$$0000000B) refers to main.o(i.main) for main
    entry9b.o(.ARM.Collect$$$$0000000C) refers to main.o(i.main) for main
    init.o(.text) refers to entry5.o(.ARM.Collect$$$$00000004) for __main_after_scatterload


==============================================================================

Removing Unused input sections from the image.

    Removing stm32f1xx_hal_msp.o(.rev16_text), (4 bytes).
    Removing stm32f1xx_hal_msp.o(.revsh_text), (4 bytes).
    Removing stm32f1xx_hal_msp.o(.rrx_text), (6 bytes).
    Removing stm32f1xx_hal_msp.o(i.HAL_SPI_MspDeInit), (44 bytes).
    Removing main.o(.rev16_text), (4 bytes).
    Removing main.o(.revsh_text), (4 bytes).
    Removing main.o(.rrx_text), (6 bytes).
    Removing main.o(i._Error_Handler), (2 bytes).
    Removing main.o(.data), (1 bytes).
    Removing main.o(.data), (1 bytes).
    Removing stm32f1xx_it.o(.rev16_text), (4 bytes).
    Removing stm32f1xx_it.o(.revsh_text), (4 bytes).
    Removing stm32f1xx_it.o(.rrx_text), (6 bytes).
    Removing nrf24l01p.o(.rev16_text), (4 bytes).
    Removing nrf24l01p.o(.revsh_text), (4 bytes).
    Removing nrf24l01p.o(.rrx_text), (6 bytes).
    Removing nrf24l01p.o(i.HAL_nRF24L01P_FlushTX), (28 bytes).
    Removing nrf24l01p.o(i.HAL_nRF24L01P_IRQ_Handler), (216 bytes).
    Removing nrf24l01p.o(i.HAL_nRF24L01P_ReadRXPayload), (52 bytes).
    Removing nrf24l01p.o(i.HAL_nRF24L01P_ReceivePacket), (60 bytes).
    Removing nrf24l01p.o(i.HAL_nRF24L01P_SetContinuousWave), (54 bytes).
    Removing nrf24l01p.o(i.HAL_nRF24L01P_SetTXPower), (50 bytes).
    Removing nrf24l01p.o(i.HAL_nRF24L01P_TransmitPacketACK), (50 bytes).
    Removing nrf24l01p.o(i.HAL_nRF24L01P_WriteTXPayloadACK), (60 bytes).
    Removing system_stm32f1xx.o(.rev16_text), (4 bytes).
    Removing system_stm32f1xx.o(.revsh_text), (4 bytes).
    Removing system_stm32f1xx.o(.rrx_text), (6 bytes).
    Removing system_stm32f1xx.o(i.SystemCoreClockUpdate), (104 bytes).
    Removing system_stm32f1xx.o(.constdata), (8 bytes).
    Removing stm32f1xx_hal_spi.o(.rev16_text), (4 bytes).
    Removing stm32f1xx_hal_spi.o(.revsh_text), (4 bytes).
    Removing stm32f1xx_hal_spi.o(.rrx_text), (6 bytes).
    Removing stm32f1xx_hal_spi.o(i.HAL_SPI_Abort), (188 bytes).
    Removing stm32f1xx_hal_spi.o(i.HAL_SPI_AbortCpltCallback), (2 bytes).
    Removing stm32f1xx_hal_spi.o(i.HAL_SPI_Abort_IT), (228 bytes).
    Removing stm32f1xx_hal_spi.o(i.HAL_SPI_DMAPause), (38 bytes).
    Removing stm32f1xx_hal_spi.o(i.HAL_SPI_DMAResume), (38 bytes).
    Removing stm32f1xx_hal_spi.o(i.HAL_SPI_DMAStop), (40 bytes).
    Removing stm32f1xx_hal_spi.o(i.HAL_SPI_DeInit), (46 bytes).
    Removing stm32f1xx_hal_spi.o(i.HAL_SPI_ErrorCallback), (2 bytes).
    Removing stm32f1xx_hal_spi.o(i.HAL_SPI_GetError), (4 bytes).
    Removing stm32f1xx_hal_spi.o(i.HAL_SPI_GetState), (6 bytes).
    Removing stm32f1xx_hal_spi.o(i.HAL_SPI_IRQHandler), (196 bytes).
    Removing stm32f1xx_hal_spi.o(i.HAL_SPI_Init), (128 bytes).
    Removing stm32f1xx_hal_spi.o(i.HAL_SPI_MspDeInit), (2 bytes).
    Removing stm32f1xx_hal_spi.o(i.HAL_SPI_MspInit), (2 bytes).
    Removing stm32f1xx_hal_spi.o(i.HAL_SPI_Receive), (336 bytes).
    Removing stm32f1xx_hal_spi.o(i.HAL_SPI_Receive_DMA), (212 bytes).
    Removing stm32f1xx_hal_spi.o(i.HAL_SPI_Receive_IT), (164 bytes).
    Removing stm32f1xx_hal_spi.o(i.HAL_SPI_RxCpltCallback), (2 bytes).
    Removing stm32f1xx_hal_spi.o(i.HAL_SPI_RxHalfCpltCallback), (2 bytes).
    Removing stm32f1xx_hal_spi.o(i.HAL_SPI_Transmit), (360 bytes).
    Removing stm32f1xx_hal_spi.o(i.HAL_SPI_TransmitReceive_DMA), (264 bytes).
    Removing stm32f1xx_hal_spi.o(i.HAL_SPI_TransmitReceive_IT), (164 bytes).
    Removing stm32f1xx_hal_spi.o(i.HAL_SPI_Transmit_DMA), (184 bytes).
    Removing stm32f1xx_hal_spi.o(i.HAL_SPI_Transmit_IT), (152 bytes).
    Removing stm32f1xx_hal_spi.o(i.HAL_SPI_TxCpltCallback), (2 bytes).
    Removing stm32f1xx_hal_spi.o(i.HAL_SPI_TxHalfCpltCallback), (2 bytes).
    Removing stm32f1xx_hal_spi.o(i.HAL_SPI_TxRxCpltCallback), (2 bytes).
    Removing stm32f1xx_hal_spi.o(i.HAL_SPI_TxRxHalfCpltCallback), (2 bytes).
    Removing stm32f1xx_hal_spi.o(i.SPI_2linesRxISR_16BIT), (48 bytes).
    Removing stm32f1xx_hal_spi.o(i.SPI_2linesRxISR_8BIT), (46 bytes).
    Removing stm32f1xx_hal_spi.o(i.SPI_2linesTxISR_16BIT), (48 bytes).
    Removing stm32f1xx_hal_spi.o(i.SPI_2linesTxISR_8BIT), (46 bytes).
    Removing stm32f1xx_hal_spi.o(i.SPI_AbortRx_ISR), (80 bytes).
    Removing stm32f1xx_hal_spi.o(i.SPI_AbortTx_ISR), (22 bytes).
    Removing stm32f1xx_hal_spi.o(i.SPI_CloseRxTx_ISR), (144 bytes).
    Removing stm32f1xx_hal_spi.o(i.SPI_CloseRx_ISR), (78 bytes).
    Removing stm32f1xx_hal_spi.o(i.SPI_CloseTx_ISR), (124 bytes).
    Removing stm32f1xx_hal_spi.o(i.SPI_DMAAbortOnError), (16 bytes).
    Removing stm32f1xx_hal_spi.o(i.SPI_DMAError), (34 bytes).
    Removing stm32f1xx_hal_spi.o(i.SPI_DMAHalfReceiveCplt), (10 bytes).
    Removing stm32f1xx_hal_spi.o(i.SPI_DMAHalfTransmitCplt), (10 bytes).
    Removing stm32f1xx_hal_spi.o(i.SPI_DMAHalfTransmitReceiveCplt), (10 bytes).
    Removing stm32f1xx_hal_spi.o(i.SPI_DMAReceiveCplt), (82 bytes).
    Removing stm32f1xx_hal_spi.o(i.SPI_DMARxAbortCallback), (66 bytes).
    Removing stm32f1xx_hal_spi.o(i.SPI_DMATransmitCplt), (90 bytes).
    Removing stm32f1xx_hal_spi.o(i.SPI_DMATransmitReceiveCplt), (80 bytes).
    Removing stm32f1xx_hal_spi.o(i.SPI_DMATxAbortCallback), (96 bytes).
    Removing stm32f1xx_hal_spi.o(i.SPI_ISCRCErrorValid), (4 bytes).
    Removing stm32f1xx_hal_spi.o(i.SPI_RxISR_16BIT), (32 bytes).
    Removing stm32f1xx_hal_spi.o(i.SPI_RxISR_8BIT), (30 bytes).
    Removing stm32f1xx_hal_spi.o(i.SPI_TxISR_16BIT), (32 bytes).
    Removing stm32f1xx_hal_spi.o(i.SPI_TxISR_8BIT), (30 bytes).
    Removing stm32f1xx_hal_spi_ex.o(.rev16_text), (4 bytes).
    Removing stm32f1xx_hal_spi_ex.o(.revsh_text), (4 bytes).
    Removing stm32f1xx_hal_spi_ex.o(.rrx_text), (6 bytes).
    Removing stm32f1xx_hal_tim_ex.o(.rev16_text), (4 bytes).
    Removing stm32f1xx_hal_tim_ex.o(.revsh_text), (4 bytes).
    Removing stm32f1xx_hal_tim_ex.o(.rrx_text), (6 bytes).
    Removing stm32f1xx_hal.o(.rev16_text), (4 bytes).
    Removing stm32f1xx_hal.o(.revsh_text), (4 bytes).
    Removing stm32f1xx_hal.o(.rrx_text), (6 bytes).
    Removing stm32f1xx_hal.o(i.HAL_DBGMCU_DisableDBGSleepMode), (16 bytes).
    Removing stm32f1xx_hal.o(i.HAL_DBGMCU_DisableDBGStandbyMode), (16 bytes).
    Removing stm32f1xx_hal.o(i.HAL_DBGMCU_DisableDBGStopMode), (16 bytes).
    Removing stm32f1xx_hal.o(i.HAL_DBGMCU_EnableDBGSleepMode), (16 bytes).
    Removing stm32f1xx_hal.o(i.HAL_DBGMCU_EnableDBGStandbyMode), (16 bytes).
    Removing stm32f1xx_hal.o(i.HAL_DBGMCU_EnableDBGStopMode), (16 bytes).
    Removing stm32f1xx_hal.o(i.HAL_DeInit), (32 bytes).
    Removing stm32f1xx_hal.o(i.HAL_GetDEVID), (16 bytes).
    Removing stm32f1xx_hal.o(i.HAL_GetHalVersion), (8 bytes).
    Removing stm32f1xx_hal.o(i.HAL_GetREVID), (12 bytes).
    Removing stm32f1xx_hal.o(i.HAL_GetTickFreq), (12 bytes).
    Removing stm32f1xx_hal.o(i.HAL_GetTickPrio), (12 bytes).
    Removing stm32f1xx_hal.o(i.HAL_GetUID), (28 bytes).
    Removing stm32f1xx_hal.o(i.HAL_MspDeInit), (2 bytes).
    Removing stm32f1xx_hal.o(i.HAL_MspInit), (2 bytes).
    Removing stm32f1xx_hal.o(i.HAL_ResumeTick), (14 bytes).
    Removing stm32f1xx_hal.o(i.HAL_SetTickFreq), (28 bytes).
    Removing stm32f1xx_hal.o(i.HAL_SuspendTick), (14 bytes).
    Removing stm32f1xx_hal_flash_ex.o(.rev16_text), (4 bytes).
    Removing stm32f1xx_hal_flash_ex.o(.revsh_text), (4 bytes).
    Removing stm32f1xx_hal_flash_ex.o(.rrx_text), (6 bytes).
    Removing stm32f1xx_hal_flash_ex.o(i.FLASH_MassErase), (36 bytes).
    Removing stm32f1xx_hal_flash_ex.o(i.FLASH_OB_DisableWRP), (176 bytes).
    Removing stm32f1xx_hal_flash_ex.o(i.FLASH_OB_EnableWRP), (176 bytes).
    Removing stm32f1xx_hal_flash_ex.o(i.FLASH_OB_GetRDP), (24 bytes).
    Removing stm32f1xx_hal_flash_ex.o(i.FLASH_OB_RDP_LevelConfig), (100 bytes).
    Removing stm32f1xx_hal_flash_ex.o(i.FLASH_PageErase), (36 bytes).
    Removing stm32f1xx_hal_flash_ex.o(i.HAL_FLASHEx_Erase), (168 bytes).
    Removing stm32f1xx_hal_flash_ex.o(i.HAL_FLASHEx_Erase_IT), (84 bytes).
    Removing stm32f1xx_hal_flash_ex.o(i.HAL_FLASHEx_OBErase), (84 bytes).
    Removing stm32f1xx_hal_flash_ex.o(i.HAL_FLASHEx_OBGetConfig), (36 bytes).
    Removing stm32f1xx_hal_flash_ex.o(i.HAL_FLASHEx_OBGetUserData), (32 bytes).
    Removing stm32f1xx_hal_flash_ex.o(i.HAL_FLASHEx_OBProgram), (200 bytes).
    Removing stm32f1xx_hal_gpio_ex.o(.rev16_text), (4 bytes).
    Removing stm32f1xx_hal_gpio_ex.o(.revsh_text), (4 bytes).
    Removing stm32f1xx_hal_gpio_ex.o(.rrx_text), (6 bytes).
    Removing stm32f1xx_hal_gpio_ex.o(i.HAL_GPIOEx_ConfigEventout), (20 bytes).
    Removing stm32f1xx_hal_gpio_ex.o(i.HAL_GPIOEx_DisableEventout), (16 bytes).
    Removing stm32f1xx_hal_gpio_ex.o(i.HAL_GPIOEx_EnableEventout), (16 bytes).
    Removing stm32f1xx_hal_flash.o(.rev16_text), (4 bytes).
    Removing stm32f1xx_hal_flash.o(.revsh_text), (4 bytes).
    Removing stm32f1xx_hal_flash.o(.rrx_text), (6 bytes).
    Removing stm32f1xx_hal_flash.o(i.FLASH_Program_HalfWord), (28 bytes).
    Removing stm32f1xx_hal_flash.o(i.FLASH_SetErrorCode), (92 bytes).
    Removing stm32f1xx_hal_flash.o(i.FLASH_WaitForLastOperation), (84 bytes).
    Removing stm32f1xx_hal_flash.o(i.HAL_FLASH_EndOfOperationCallback), (2 bytes).
    Removing stm32f1xx_hal_flash.o(i.HAL_FLASH_GetError), (12 bytes).
    Removing stm32f1xx_hal_flash.o(i.HAL_FLASH_IRQHandler), (264 bytes).
    Removing stm32f1xx_hal_flash.o(i.HAL_FLASH_Lock), (20 bytes).
    Removing stm32f1xx_hal_flash.o(i.HAL_FLASH_OB_Launch), (4 bytes).
    Removing stm32f1xx_hal_flash.o(i.HAL_FLASH_OB_Lock), (20 bytes).
    Removing stm32f1xx_hal_flash.o(i.HAL_FLASH_OB_Unlock), (36 bytes).
    Removing stm32f1xx_hal_flash.o(i.HAL_FLASH_OperationErrorCallback), (2 bytes).
    Removing stm32f1xx_hal_flash.o(i.HAL_FLASH_Program), (128 bytes).
    Removing stm32f1xx_hal_flash.o(i.HAL_FLASH_Program_IT), (100 bytes).
    Removing stm32f1xx_hal_flash.o(i.HAL_FLASH_Unlock), (40 bytes).
    Removing stm32f1xx_hal_flash.o(.bss), (32 bytes).
    Removing stm32f1xx_hal_dma.o(.rev16_text), (4 bytes).
    Removing stm32f1xx_hal_dma.o(.revsh_text), (4 bytes).
    Removing stm32f1xx_hal_dma.o(.rrx_text), (6 bytes).
    Removing stm32f1xx_hal_dma.o(i.DMA_SetConfig), (42 bytes).
    Removing stm32f1xx_hal_dma.o(i.HAL_DMA_Abort), (48 bytes).
    Removing stm32f1xx_hal_dma.o(i.HAL_DMA_Abort_IT), (152 bytes).
    Removing stm32f1xx_hal_dma.o(i.HAL_DMA_DeInit), (84 bytes).
    Removing stm32f1xx_hal_dma.o(i.HAL_DMA_GetError), (4 bytes).
    Removing stm32f1xx_hal_dma.o(i.HAL_DMA_GetState), (6 bytes).
    Removing stm32f1xx_hal_dma.o(i.HAL_DMA_IRQHandler), (340 bytes).
    Removing stm32f1xx_hal_dma.o(i.HAL_DMA_Init), (100 bytes).
    Removing stm32f1xx_hal_dma.o(i.HAL_DMA_PollForTransfer), (532 bytes).
    Removing stm32f1xx_hal_dma.o(i.HAL_DMA_RegisterCallback), (74 bytes).
    Removing stm32f1xx_hal_dma.o(i.HAL_DMA_Start), (80 bytes).
    Removing stm32f1xx_hal_dma.o(i.HAL_DMA_Start_IT), (112 bytes).
    Removing stm32f1xx_hal_dma.o(i.HAL_DMA_UnRegisterCallback), (82 bytes).
    Removing stm32f1xx_hal_gpio.o(.rev16_text), (4 bytes).
    Removing stm32f1xx_hal_gpio.o(.revsh_text), (4 bytes).
    Removing stm32f1xx_hal_gpio.o(.rrx_text), (6 bytes).
    Removing stm32f1xx_hal_gpio.o(i.HAL_GPIO_DeInit), (228 bytes).
    Removing stm32f1xx_hal_gpio.o(i.HAL_GPIO_EXTI_Callback), (2 bytes).
    Removing stm32f1xx_hal_gpio.o(i.HAL_GPIO_EXTI_IRQHandler), (24 bytes).
    Removing stm32f1xx_hal_gpio.o(i.HAL_GPIO_LockPin), (34 bytes).
    Removing stm32f1xx_hal_gpio.o(i.HAL_GPIO_ReadPin), (10 bytes).
    Removing stm32f1xx_hal_gpio.o(i.HAL_GPIO_TogglePin), (8 bytes).
    Removing stm32f1xx_hal_rcc.o(.rev16_text), (4 bytes).
    Removing stm32f1xx_hal_rcc.o(.revsh_text), (4 bytes).
    Removing stm32f1xx_hal_rcc.o(.rrx_text), (6 bytes).
    Removing stm32f1xx_hal_rcc.o(i.HAL_RCC_CSSCallback), (2 bytes).
    Removing stm32f1xx_hal_rcc.o(i.HAL_RCC_DeInit), (216 bytes).
    Removing stm32f1xx_hal_rcc.o(i.HAL_RCC_DisableCSS), (12 bytes).
    Removing stm32f1xx_hal_rcc.o(i.HAL_RCC_EnableCSS), (12 bytes).
    Removing stm32f1xx_hal_rcc.o(i.HAL_RCC_GetClockConfig), (64 bytes).
    Removing stm32f1xx_hal_rcc.o(i.HAL_RCC_GetOscConfig), (144 bytes).
    Removing stm32f1xx_hal_rcc.o(i.HAL_RCC_GetPCLK1Freq), (32 bytes).
    Removing stm32f1xx_hal_rcc.o(i.HAL_RCC_GetPCLK2Freq), (32 bytes).
    Removing stm32f1xx_hal_rcc.o(i.HAL_RCC_MCOConfig), (72 bytes).
    Removing stm32f1xx_hal_rcc.o(i.HAL_RCC_NMI_IRQHandler), (24 bytes).
    Removing stm32f1xx_hal_pwr.o(.rev16_text), (4 bytes).
    Removing stm32f1xx_hal_pwr.o(.revsh_text), (4 bytes).
    Removing stm32f1xx_hal_pwr.o(.rrx_text), (6 bytes).
    Removing stm32f1xx_hal_pwr.o(i.HAL_PWR_ConfigPVD), (124 bytes).
    Removing stm32f1xx_hal_pwr.o(i.HAL_PWR_DeInit), (24 bytes).
    Removing stm32f1xx_hal_pwr.o(i.HAL_PWR_DisableBkUpAccess), (12 bytes).
    Removing stm32f1xx_hal_pwr.o(i.HAL_PWR_DisablePVD), (12 bytes).
    Removing stm32f1xx_hal_pwr.o(i.HAL_PWR_DisableSEVOnPend), (16 bytes).
    Removing stm32f1xx_hal_pwr.o(i.HAL_PWR_DisableSleepOnExit), (16 bytes).
    Removing stm32f1xx_hal_pwr.o(i.HAL_PWR_DisableWakeUpPin), (28 bytes).
    Removing stm32f1xx_hal_pwr.o(i.HAL_PWR_EnableBkUpAccess), (12 bytes).
    Removing stm32f1xx_hal_pwr.o(i.HAL_PWR_EnablePVD), (12 bytes).
    Removing stm32f1xx_hal_pwr.o(i.HAL_PWR_EnableSEVOnPend), (16 bytes).
    Removing stm32f1xx_hal_pwr.o(i.HAL_PWR_EnableSleepOnExit), (16 bytes).
    Removing stm32f1xx_hal_pwr.o(i.HAL_PWR_EnableWakeUpPin), (28 bytes).
    Removing stm32f1xx_hal_pwr.o(i.HAL_PWR_EnterSLEEPMode), (32 bytes).
    Removing stm32f1xx_hal_pwr.o(i.HAL_PWR_EnterSTANDBYMode), (32 bytes).
    Removing stm32f1xx_hal_pwr.o(i.HAL_PWR_EnterSTOPMode), (68 bytes).
    Removing stm32f1xx_hal_pwr.o(i.HAL_PWR_PVDCallback), (2 bytes).
    Removing stm32f1xx_hal_pwr.o(i.HAL_PWR_PVD_IRQHandler), (28 bytes).
    Removing stm32f1xx_hal_pwr.o(i.PWR_OverloadWfe), (6 bytes).
    Removing stm32f1xx_hal_cortex.o(.rev16_text), (4 bytes).
    Removing stm32f1xx_hal_cortex.o(.revsh_text), (4 bytes).
    Removing stm32f1xx_hal_cortex.o(.rrx_text), (6 bytes).
    Removing stm32f1xx_hal_cortex.o(i.HAL_NVIC_ClearPendingIRQ), (22 bytes).
    Removing stm32f1xx_hal_cortex.o(i.HAL_NVIC_DisableIRQ), (22 bytes).
    Removing stm32f1xx_hal_cortex.o(i.HAL_NVIC_EnableIRQ), (22 bytes).
    Removing stm32f1xx_hal_cortex.o(i.HAL_NVIC_GetActive), (32 bytes).
    Removing stm32f1xx_hal_cortex.o(i.HAL_NVIC_GetPendingIRQ), (32 bytes).
    Removing stm32f1xx_hal_cortex.o(i.HAL_NVIC_GetPriority), (82 bytes).
    Removing stm32f1xx_hal_cortex.o(i.HAL_NVIC_GetPriorityGrouping), (16 bytes).
    Removing stm32f1xx_hal_cortex.o(i.HAL_NVIC_SetPendingIRQ), (22 bytes).
    Removing stm32f1xx_hal_cortex.o(i.HAL_NVIC_SystemReset), (36 bytes).
    Removing stm32f1xx_hal_rcc_ex.o(.rev16_text), (4 bytes).
    Removing stm32f1xx_hal_rcc_ex.o(.revsh_text), (4 bytes).
    Removing stm32f1xx_hal_rcc_ex.o(.rrx_text), (6 bytes).
    Removing stm32f1xx_hal_rcc_ex.o(i.HAL_RCCEx_GetPeriphCLKConfig), (44 bytes).
    Removing stm32f1xx_hal_rcc_ex.o(i.HAL_RCCEx_GetPeriphCLKFreq), (200 bytes).
    Removing stm32f1xx_hal_rcc_ex.o(i.HAL_RCCEx_PeriphCLKConfig), (236 bytes).
    Removing stm32f1xx_hal_tim.o(.rev16_text), (4 bytes).
    Removing stm32f1xx_hal_tim.o(.revsh_text), (4 bytes).
    Removing stm32f1xx_hal_tim.o(.rrx_text), (6 bytes).

230 unused section(s) (total 11188 bytes) removed from the image.

==============================================================================

Image Symbol Table

    Local Symbols

    Symbol Name                              Value     Ov Type        Size  Object(Section)

    ..//Src/system_stm32f1xx.c               0x00000000   Number         0  system_stm32f1xx.o ABSOLUTE
    ../Drivers/STM32F1xx_HAL_Driver/Src/stm32f1xx_hal.c 0x00000000   Number         0  stm32f1xx_hal.o ABSOLUTE
    ../Drivers/STM32F1xx_HAL_Driver/Src/stm32f1xx_hal_cortex.c 0x00000000   Number         0  stm32f1xx_hal_cortex.o ABSOLUTE
    ../Drivers/STM32F1xx_HAL_Driver/Src/stm32f1xx_hal_dma.c 0x00000000   Number         0  stm32f1xx_hal_dma.o ABSOLUTE
    ../Drivers/STM32F1xx_HAL_Driver/Src/stm32f1xx_hal_flash.c 0x00000000   Number         0  stm32f1xx_hal_flash.o ABSOLUTE
    ../Drivers/STM32F1xx_HAL_Driver/Src/stm32f1xx_hal_flash_ex.c 0x00000000   Number         0  stm32f1xx_hal_flash_ex.o ABSOLUTE
    ../Drivers/STM32F1xx_HAL_Driver/Src/stm32f1xx_hal_gpio.c 0x00000000   Number         0  stm32f1xx_hal_gpio.o ABSOLUTE
    ../Drivers/STM32F1xx_HAL_Driver/Src/stm32f1xx_hal_gpio_ex.c 0x00000000   Number         0  stm32f1xx_hal_gpio_ex.o ABSOLUTE
    ../Drivers/STM32F1xx_HAL_Driver/Src/stm32f1xx_hal_pwr.c 0x00000000   Number         0  stm32f1xx_hal_pwr.o ABSOLUTE
    ../Drivers/STM32F1xx_HAL_Driver/Src/stm32f1xx_hal_rcc.c 0x00000000   Number         0  stm32f1xx_hal_rcc.o ABSOLUTE
    ../Drivers/STM32F1xx_HAL_Driver/Src/stm32f1xx_hal_rcc_ex.c 0x00000000   Number         0  stm32f1xx_hal_rcc_ex.o ABSOLUTE
    ../Drivers/STM32F1xx_HAL_Driver/Src/stm32f1xx_hal_spi.c 0x00000000   Number         0  stm32f1xx_hal_spi.o ABSOLUTE
    ../Drivers/STM32F1xx_HAL_Driver/Src/stm32f1xx_hal_spi_ex.c 0x00000000   Number         0  stm32f1xx_hal_spi_ex.o ABSOLUTE
    ../Drivers/STM32F1xx_HAL_Driver/Src/stm32f1xx_hal_tim.c 0x00000000   Number         0  stm32f1xx_hal_tim.o ABSOLUTE
    ../Drivers/STM32F1xx_HAL_Driver/Src/stm32f1xx_hal_tim_ex.c 0x00000000   Number         0  stm32f1xx_hal_tim_ex.o ABSOLUTE
    ../Src/main.c                            0x00000000   Number         0  main.o ABSOLUTE
    ../Src/stm32f1xx_hal_msp.c               0x00000000   Number         0  stm32f1xx_hal_msp.o ABSOLUTE
    ../Src/stm32f1xx_it.c                    0x00000000   Number         0  stm32f1xx_it.o ABSOLUTE
    ../clib/microlib/init/entry.s            0x00000000   Number         0  entry.o ABSOLUTE
    ../clib/microlib/init/entry.s            0x00000000   Number         0  entry10a.o ABSOLUTE
    ../clib/microlib/init/entry.s            0x00000000   Number         0  entry2.o ABSOLUTE
    ../clib/microlib/init/entry.s            0x00000000   Number         0  entry5.o ABSOLUTE
    ../clib/microlib/init/entry.s            0x00000000   Number         0  entry7a.o ABSOLUTE
    ../clib/microlib/init/entry.s            0x00000000   Number         0  entry7b.o ABSOLUTE
    ../clib/microlib/init/entry.s            0x00000000   Number         0  entry8a.o ABSOLUTE
    ../clib/microlib/init/entry.s            0x00000000   Number         0  entry8b.o ABSOLUTE
    ../clib/microlib/init/entry.s            0x00000000   Number         0  entry9a.o ABSOLUTE
    ../clib/microlib/init/entry.s            0x00000000   Number         0  entry9b.o ABSOLUTE
    ../clib/microlib/init/entry.s            0x00000000   Number         0  entry10b.o ABSOLUTE
    ../clib/microlib/init/entry.s            0x00000000   Number         0  entry11a.o ABSOLUTE
    ../clib/microlib/init/entry.s            0x00000000   Number         0  entry11b.o ABSOLUTE
    ../clib/microlib/longlong.c              0x00000000   Number         0  llushr.o ABSOLUTE
    ../clib/microlib/malloc/malloc.c         0x00000000   Number         0  malloca.o ABSOLUTE
    ../clib/microlib/malloc/malloc.c         0x00000000   Number         0  mallocr.o ABSOLUTE
    ../clib/microlib/malloc/malloc.c         0x00000000   Number         0  malloc.o ABSOLUTE
    ../clib/microlib/malloc/malloc.c         0x00000000   Number         0  mallocra.o ABSOLUTE
    ../clib/microlib/malloc/mvars.c          0x00000000   Number         0  mvars.o ABSOLUTE
    ../clib/microlib/string/memcpy.c         0x00000000   Number         0  memcpyb.o ABSOLUTE
    ../clib/microlib/string/memcpy.c         0x00000000   Number         0  memcpya.o ABSOLUTE
    ..\Drivers\STM32F1xx_HAL_Driver\Src\stm32f1xx_hal.c 0x00000000   Number         0  stm32f1xx_hal.o ABSOLUTE
    ..\Drivers\STM32F1xx_HAL_Driver\Src\stm32f1xx_hal_cortex.c 0x00000000   Number         0  stm32f1xx_hal_cortex.o ABSOLUTE
    ..\Drivers\STM32F1xx_HAL_Driver\Src\stm32f1xx_hal_dma.c 0x00000000   Number         0  stm32f1xx_hal_dma.o ABSOLUTE
    ..\Drivers\STM32F1xx_HAL_Driver\Src\stm32f1xx_hal_flash.c 0x00000000   Number         0  stm32f1xx_hal_flash.o ABSOLUTE
    ..\Drivers\STM32F1xx_HAL_Driver\Src\stm32f1xx_hal_flash_ex.c 0x00000000   Number         0  stm32f1xx_hal_flash_ex.o ABSOLUTE
    ..\Drivers\STM32F1xx_HAL_Driver\Src\stm32f1xx_hal_gpio.c 0x00000000   Number         0  stm32f1xx_hal_gpio.o ABSOLUTE
    ..\Drivers\STM32F1xx_HAL_Driver\Src\stm32f1xx_hal_gpio_ex.c 0x00000000   Number         0  stm32f1xx_hal_gpio_ex.o ABSOLUTE
    ..\Drivers\STM32F1xx_HAL_Driver\Src\stm32f1xx_hal_pwr.c 0x00000000   Number         0  stm32f1xx_hal_pwr.o ABSOLUTE
    ..\Drivers\STM32F1xx_HAL_Driver\Src\stm32f1xx_hal_rcc.c 0x00000000   Number         0  stm32f1xx_hal_rcc.o ABSOLUTE
    ..\Drivers\STM32F1xx_HAL_Driver\Src\stm32f1xx_hal_rcc_ex.c 0x00000000   Number         0  stm32f1xx_hal_rcc_ex.o ABSOLUTE
    ..\Drivers\STM32F1xx_HAL_Driver\Src\stm32f1xx_hal_spi.c 0x00000000   Number         0  stm32f1xx_hal_spi.o ABSOLUTE
    ..\Drivers\STM32F1xx_HAL_Driver\Src\stm32f1xx_hal_spi_ex.c 0x00000000   Number         0  stm32f1xx_hal_spi_ex.o ABSOLUTE
    ..\Drivers\STM32F1xx_HAL_Driver\Src\stm32f1xx_hal_tim.c 0x00000000   Number         0  stm32f1xx_hal_tim.o ABSOLUTE
    ..\Drivers\STM32F1xx_HAL_Driver\Src\stm32f1xx_hal_tim_ex.c 0x00000000   Number         0  stm32f1xx_hal_tim_ex.o ABSOLUTE
    ..\Inc\nRF24L01P.c                       0x00000000   Number         0  nrf24l01p.o ABSOLUTE
    ..\Src\main.c                            0x00000000   Number         0  main.o ABSOLUTE
    ..\Src\stm32f1xx_hal_msp.c               0x00000000   Number         0  stm32f1xx_hal_msp.o ABSOLUTE
    ..\Src\stm32f1xx_it.c                    0x00000000   Number         0  stm32f1xx_it.o ABSOLUTE
    ..\\Inc\\nRF24L01P.c                     0x00000000   Number         0  nrf24l01p.o ABSOLUTE
    ..\\Src\system_stm32f1xx.c               0x00000000   Number         0  system_stm32f1xx.o ABSOLUTE
    dc.s                                     0x00000000   Number         0  dc.o ABSOLUTE
    handlers.s                               0x00000000   Number         0  handlers.o ABSOLUTE
    init.s                                   0x00000000   Number         0  init.o ABSOLUTE
    startup_stm32f103xb.s                    0x00000000   Number         0  startup_stm32f103xb.o ABSOLUTE
    RESET                                    0x08000000   Section      236  startup_stm32f103xb.o(RESET)
    .ARM.Collect$$$$00000000                 0x080000ec   Section        0  entry.o(.ARM.Collect$$$$00000000)
    .ARM.Collect$$$$00000001                 0x080000ec   Section        4  entry2.o(.ARM.Collect$$$$00000001)
    .ARM.Collect$$$$00000004                 0x080000f0   Section        4  entry5.o(.ARM.Collect$$$$00000004)
    .ARM.Collect$$$$00000008                 0x080000f4   Section        0  entry7b.o(.ARM.Collect$$$$00000008)
    .ARM.Collect$$$$0000000A                 0x080000f4   Section        0  entry8b.o(.ARM.Collect$$$$0000000A)
    .ARM.Collect$$$$0000000B                 0x080000f4   Section        8  entry9a.o(.ARM.Collect$$$$0000000B)
    .ARM.Collect$$$$0000000D                 0x080000fc   Section        0  entry10a.o(.ARM.Collect$$$$0000000D)
    .ARM.Collect$$$$0000000F                 0x080000fc   Section        0  entry11a.o(.ARM.Collect$$$$0000000F)
    .ARM.Collect$$$$00002712                 0x080000fc   Section        4  entry2.o(.ARM.Collect$$$$00002712)
    __lit__00000000                          0x080000fc   Data           4  entry2.o(.ARM.Collect$$$$00002712)
    .text                                    0x08000100   Section       36  startup_stm32f103xb.o(.text)
    .text                                    0x08000124   Section       36  init.o(.text)
    i.BusFault_Handler                       0x08000148   Section        0  stm32f1xx_it.o(i.BusFault_Handler)
    i.DebugMon_Handler                       0x0800014a   Section        0  stm32f1xx_it.o(i.DebugMon_Handler)
    i.HAL_Delay                              0x0800014c   Section        0  stm32f1xx_hal.o(i.HAL_Delay)
    i.HAL_GPIO_Init                          0x08000170   Section        0  stm32f1xx_hal_gpio.o(i.HAL_GPIO_Init)
    i.HAL_GPIO_WritePin                      0x0800032c   Section        0  stm32f1xx_hal_gpio.o(i.HAL_GPIO_WritePin)
    i.HAL_GetTick                            0x08000338   Section        0  stm32f1xx_hal.o(i.HAL_GetTick)
    i.HAL_IncTick                            0x08000344   Section        0  stm32f1xx_hal.o(i.HAL_IncTick)
    i.HAL_Init                               0x08000354   Section        0  stm32f1xx_hal.o(i.HAL_Init)
    i.HAL_InitTick                           0x08000378   Section        0  stm32f1xx_hal.o(i.HAL_InitTick)
    i.HAL_MspInit                            0x080003b8   Section        0  stm32f1xx_hal_msp.o(i.HAL_MspInit)
    i.HAL_NVIC_SetPriority                   0x08000438   Section        0  stm32f1xx_hal_cortex.o(i.HAL_NVIC_SetPriority)
    i.HAL_NVIC_SetPriorityGrouping           0x08000478   Section        0  stm32f1xx_hal_cortex.o(i.HAL_NVIC_SetPriorityGrouping)
    i.HAL_RCC_ClockConfig                    0x0800049c   Section        0  stm32f1xx_hal_rcc.o(i.HAL_RCC_ClockConfig)
    i.HAL_RCC_GetHCLKFreq                    0x080005f0   Section        0  stm32f1xx_hal_rcc.o(i.HAL_RCC_GetHCLKFreq)
    i.HAL_RCC_GetSysClockFreq                0x080005fc   Section        0  stm32f1xx_hal_rcc.o(i.HAL_RCC_GetSysClockFreq)
    i.HAL_RCC_OscConfig                      0x08000668   Section        0  stm32f1xx_hal_rcc.o(i.HAL_RCC_OscConfig)
    i.HAL_SPI_Init                           0x0800096c   Section        0  stm32f1xx_hal_spi_ex.o(i.HAL_SPI_Init)
    i.HAL_SPI_MspInit                        0x080009f0   Section        0  stm32f1xx_hal_msp.o(i.HAL_SPI_MspInit)
    i.HAL_SPI_TransmitReceive                0x08000a4c   Section        0  stm32f1xx_hal_spi.o(i.HAL_SPI_TransmitReceive)
    i.HAL_SYSTICK_CLKSourceConfig            0x08000c24   Section        0  stm32f1xx_hal_cortex.o(i.HAL_SYSTICK_CLKSourceConfig)
    i.HAL_SYSTICK_Callback                   0x08000c3c   Section        0  stm32f1xx_hal_cortex.o(i.HAL_SYSTICK_Callback)
    i.HAL_SYSTICK_Config                     0x08000c3e   Section        0  stm32f1xx_hal_cortex.o(i.HAL_SYSTICK_Config)
    i.HAL_SYSTICK_IRQHandler                 0x08000c66   Section        0  stm32f1xx_hal_cortex.o(i.HAL_SYSTICK_IRQHandler)
    i.HAL_nRF24L01P_ACKPayload               0x08000c6e   Section        0  nrf24l01p.o(i.HAL_nRF24L01P_ACKPayload)
    i.HAL_nRF24L01P_AutoACK                  0x08000ca4   Section        0  nrf24l01p.o(i.HAL_nRF24L01P_AutoACK)
    i.HAL_nRF24L01P_CE_High                  0x08000ce6   Section        0  nrf24l01p.o(i.HAL_nRF24L01P_CE_High)
    i.HAL_nRF24L01P_CE_Low                   0x08000cf0   Section        0  nrf24l01p.o(i.HAL_nRF24L01P_CE_Low)
    i.HAL_nRF24L01P_CRC                      0x08000cfa   Section        0  nrf24l01p.o(i.HAL_nRF24L01P_CRC)
    i.HAL_nRF24L01P_ClearInterrupts          0x08000d30   Section        0  nrf24l01p.o(i.HAL_nRF24L01P_ClearInterrupts)
    i.HAL_nRF24L01P_DPLPipe                  0x08000d5c   Section        0  nrf24l01p.o(i.HAL_nRF24L01P_DPLPipe)
    i.HAL_nRF24L01P_DynACK                   0x08000d98   Section        0  nrf24l01p.o(i.HAL_nRF24L01P_DynACK)
    i.HAL_nRF24L01P_DynPayload               0x08000dce   Section        0  nrf24l01p.o(i.HAL_nRF24L01P_DynPayload)
    i.HAL_nRF24L01P_FlushRX                  0x08000e04   Section        0  nrf24l01p.o(i.HAL_nRF24L01P_FlushRX)
    i.HAL_nRF24L01P_Init                     0x08000e20   Section        0  nrf24l01p.o(i.HAL_nRF24L01P_Init)
    i.HAL_nRF24L01P_MaxReTransmitIRQ         0x08000f6e   Section        0  nrf24l01p.o(i.HAL_nRF24L01P_MaxReTransmitIRQ)
    i.HAL_nRF24L01P_PowerUP                  0x08000fa4   Section        0  nrf24l01p.o(i.HAL_nRF24L01P_PowerUP)
    i.HAL_nRF24L01P_RXDataReadyIRQ           0x08000fda   Section        0  nrf24l01p.o(i.HAL_nRF24L01P_RXDataReadyIRQ)
    i.HAL_nRF24L01P_RXPipe                   0x08001010   Section        0  nrf24l01p.o(i.HAL_nRF24L01P_RXPipe)
    i.HAL_nRF24L01P_ReadRegister             0x08001052   Section        0  nrf24l01p.o(i.HAL_nRF24L01P_ReadRegister)
    i.HAL_nRF24L01P_SendCommand              0x0800106e   Section        0  nrf24l01p.o(i.HAL_nRF24L01P_SendCommand)
    i.HAL_nRF24L01P_SetAddressWidth          0x080010fe   Section        0  nrf24l01p.o(i.HAL_nRF24L01P_SetAddressWidth)
    i.HAL_nRF24L01P_SetCRCWidth              0x08001132   Section        0  nrf24l01p.o(i.HAL_nRF24L01P_SetCRCWidth)
    i.HAL_nRF24L01P_SetDataRate              0x08001168   Section        0  nrf24l01p.o(i.HAL_nRF24L01P_SetDataRate)
    i.HAL_nRF24L01P_SetPRXAddress            0x080011c0   Section        0  nrf24l01p.o(i.HAL_nRF24L01P_SetPRXAddress)
    i.HAL_nRF24L01P_SetPRXWidth              0x08001208   Section        0  nrf24l01p.o(i.HAL_nRF24L01P_SetPRXWidth)
    i.HAL_nRF24L01P_SetPTXAddress            0x08001244   Section        0  nrf24l01p.o(i.HAL_nRF24L01P_SetPTXAddress)
    i.HAL_nRF24L01P_SetRFChannel             0x0800125c   Section        0  nrf24l01p.o(i.HAL_nRF24L01P_SetRFChannel)
    i.HAL_nRF24L01P_SetRetransmissionCount   0x0800127a   Section        0  nrf24l01p.o(i.HAL_nRF24L01P_SetRetransmissionCount)
    i.HAL_nRF24L01P_SetRetransmissionDelay   0x080012ae   Section        0  nrf24l01p.o(i.HAL_nRF24L01P_SetRetransmissionDelay)
    i.HAL_nRF24L01P_TXDataSentIRQ            0x080012e0   Section        0  nrf24l01p.o(i.HAL_nRF24L01P_TXDataSentIRQ)
    i.HAL_nRF24L01P_TXRX                     0x08001316   Section        0  nrf24l01p.o(i.HAL_nRF24L01P_TXRX)
    i.HAL_nRF24L01P_TransmitPacket           0x08001356   Section        0  nrf24l01p.o(i.HAL_nRF24L01P_TransmitPacket)
    i.HAL_nRF24L01P_WriteRegister            0x08001380   Section        0  nrf24l01p.o(i.HAL_nRF24L01P_WriteRegister)
    i.HAL_nRF24L01P_WriteTXPayload           0x0800139e   Section        0  nrf24l01p.o(i.HAL_nRF24L01P_WriteTXPayload)
    i.HAL_nRF24L01P_nSS_High                 0x080013d2   Section        0  nrf24l01p.o(i.HAL_nRF24L01P_nSS_High)
    i.HAL_nRF24L01P_nSS_Low                  0x080013dc   Section        0  nrf24l01p.o(i.HAL_nRF24L01P_nSS_Low)
    i.HardFault_Handler                      0x080013e6   Section        0  stm32f1xx_it.o(i.HardFault_Handler)
    i.MX_GPIO_Init                           0x080013e8   Section        0  main.o(i.MX_GPIO_Init)
    MX_GPIO_Init                             0x080013e9   Thumb Code   110  main.o(i.MX_GPIO_Init)
    i.MX_SPI2_Init                           0x08001464   Section        0  main.o(i.MX_SPI2_Init)
    MX_SPI2_Init                             0x08001465   Thumb Code    54  main.o(i.MX_SPI2_Init)
    i.MemManage_Handler                      0x080014a4   Section        0  stm32f1xx_it.o(i.MemManage_Handler)
    i.NMI_Handler                            0x080014a6   Section        0  stm32f1xx_it.o(i.NMI_Handler)
    i.NVIC_SetPriority                       0x080014a8   Section        0  stm32f1xx_hal_cortex.o(i.NVIC_SetPriority)
    NVIC_SetPriority                         0x080014a9   Thumb Code    32  stm32f1xx_hal_cortex.o(i.NVIC_SetPriority)
    i.PendSV_Handler                         0x080014c8   Section        0  stm32f1xx_it.o(i.PendSV_Handler)
    i.SPI_CheckFlag_BSY                      0x080014ca   Section        0  stm32f1xx_hal_spi.o(i.SPI_CheckFlag_BSY)
    SPI_CheckFlag_BSY                        0x080014cb   Thumb Code    32  stm32f1xx_hal_spi.o(i.SPI_CheckFlag_BSY)
    i.SPI_WaitFlagStateUntilTimeout          0x080014ea   Section        0  stm32f1xx_hal_spi.o(i.SPI_WaitFlagStateUntilTimeout)
    SPI_WaitFlagStateUntilTimeout            0x080014eb   Thumb Code   150  stm32f1xx_hal_spi.o(i.SPI_WaitFlagStateUntilTimeout)
    i.SVC_Handler                            0x08001580   Section        0  stm32f1xx_it.o(i.SVC_Handler)
    i.SysTick_Handler                        0x08001582   Section        0  stm32f1xx_it.o(i.SysTick_Handler)
    i.SystemClock_Config                     0x08001590   Section        0  main.o(i.SystemClock_Config)
    i.SystemInit                             0x080015ec   Section        0  system_stm32f1xx.o(i.SystemInit)
    i.UsageFault_Handler                     0x08001634   Section        0  stm32f1xx_it.o(i.UsageFault_Handler)
    i.__scatterload_copy                     0x08001636   Section       14  handlers.o(i.__scatterload_copy)
    i.__scatterload_null                     0x08001644   Section        2  handlers.o(i.__scatterload_null)
    i.__scatterload_zeroinit                 0x08001646   Section       14  handlers.o(i.__scatterload_zeroinit)
    i.free                                   0x08001654   Section        0  malloc.o(i.free)
    i.main                                   0x080016a4   Section        0  main.o(i.main)
    i.malloc                                 0x0800173c   Section        0  malloc.o(i.malloc)
    .constdata                               0x080017a8   Section       42  main.o(.constdata)
    .constdata                               0x080017d2   Section       16  system_stm32f1xx.o(.constdata)
    .data                                    0x20000000   Section        4  main.o(.data)
    .data                                    0x20000004   Section        4  system_stm32f1xx.o(.data)
    .data                                    0x20000008   Section       12  stm32f1xx_hal.o(.data)
    .data                                    0x20000014   Section        4  mvars.o(.data)
    .data                                    0x20000018   Section        4  mvars.o(.data)
    .bss                                     0x2000001c   Section      204  main.o(.bss)
    HEAP                                     0x200000e8   Section      512  startup_stm32f103xb.o(HEAP)
    STACK                                    0x200002e8   Section     1024  startup_stm32f103xb.o(STACK)

    Global Symbols

    Symbol Name                              Value     Ov Type        Size  Object(Section)

    BuildAttributes$$THM_ISAv4$P$D$K$B$S$PE$A:L22UL41UL21$X:L11$S22US41US21$IEEE1$IW$USESV6$~STKCKD$USESV7$~SHL$OSPACE$EBA8$MICROLIB$REQ8$PRES8$EABIv2 0x00000000   Number         0  anon$$obj.o ABSOLUTE
    __ARM_use_no_argv                        0x00000000   Number         0  main.o ABSOLUTE
    __cpp_initialize__aeabi_                  - Undefined Weak Reference
    __cxa_finalize                            - Undefined Weak Reference
    __decompress                              - Undefined Weak Reference
    _clock_init                               - Undefined Weak Reference
    _microlib_exit                            - Undefined Weak Reference
    __Vectors_Size                           0x000000ec   Number         0  startup_stm32f103xb.o ABSOLUTE
    __Vectors                                0x08000000   Data           4  startup_stm32f103xb.o(RESET)
    __Vectors_End                            0x080000ec   Data           0  startup_stm32f103xb.o(RESET)
    __main                                   0x080000ed   Thumb Code     0  entry.o(.ARM.Collect$$$$00000000)
    _main_stk                                0x080000ed   Thumb Code     0  entry2.o(.ARM.Collect$$$$00000001)
    _main_scatterload                        0x080000f1   Thumb Code     0  entry5.o(.ARM.Collect$$$$00000004)
    __main_after_scatterload                 0x080000f5   Thumb Code     0  entry5.o(.ARM.Collect$$$$00000004)
    _main_clock                              0x080000f5   Thumb Code     0  entry7b.o(.ARM.Collect$$$$00000008)
    _main_cpp_init                           0x080000f5   Thumb Code     0  entry8b.o(.ARM.Collect$$$$0000000A)
    _main_init                               0x080000f5   Thumb Code     0  entry9a.o(.ARM.Collect$$$$0000000B)
    __rt_final_cpp                           0x080000fd   Thumb Code     0  entry10a.o(.ARM.Collect$$$$0000000D)
    __rt_final_exit                          0x080000fd   Thumb Code     0  entry11a.o(.ARM.Collect$$$$0000000F)
    Reset_Handler                            0x08000101   Thumb Code     8  startup_stm32f103xb.o(.text)
    ADC1_2_IRQHandler                        0x0800011b   Thumb Code     0  startup_stm32f103xb.o(.text)
    CAN1_RX1_IRQHandler                      0x0800011b   Thumb Code     0  startup_stm32f103xb.o(.text)
    CAN1_SCE_IRQHandler                      0x0800011b   Thumb Code     0  startup_stm32f103xb.o(.text)
    DMA1_Channel1_IRQHandler                 0x0800011b   Thumb Code     0  startup_stm32f103xb.o(.text)
    DMA1_Channel2_IRQHandler                 0x0800011b   Thumb Code     0  startup_stm32f103xb.o(.text)
    DMA1_Channel3_IRQHandler                 0x0800011b   Thumb Code     0  startup_stm32f103xb.o(.text)
    DMA1_Channel4_IRQHandler                 0x0800011b   Thumb Code     0  startup_stm32f103xb.o(.text)
    DMA1_Channel5_IRQHandler                 0x0800011b   Thumb Code     0  startup_stm32f103xb.o(.text)
    DMA1_Channel6_IRQHandler                 0x0800011b   Thumb Code     0  startup_stm32f103xb.o(.text)
    DMA1_Channel7_IRQHandler                 0x0800011b   Thumb Code     0  startup_stm32f103xb.o(.text)
    EXTI0_IRQHandler                         0x0800011b   Thumb Code     0  startup_stm32f103xb.o(.text)
    EXTI15_10_IRQHandler                     0x0800011b   Thumb Code     0  startup_stm32f103xb.o(.text)
    EXTI1_IRQHandler                         0x0800011b   Thumb Code     0  startup_stm32f103xb.o(.text)
    EXTI2_IRQHandler                         0x0800011b   Thumb Code     0  startup_stm32f103xb.o(.text)
    EXTI3_IRQHandler                         0x0800011b   Thumb Code     0  startup_stm32f103xb.o(.text)
    EXTI4_IRQHandler                         0x0800011b   Thumb Code     0  startup_stm32f103xb.o(.text)
    EXTI9_5_IRQHandler                       0x0800011b   Thumb Code     0  startup_stm32f103xb.o(.text)
    FLASH_IRQHandler                         0x0800011b   Thumb Code     0  startup_stm32f103xb.o(.text)
    I2C1_ER_IRQHandler                       0x0800011b   Thumb Code     0  startup_stm32f103xb.o(.text)
    I2C1_EV_IRQHandler                       0x0800011b   Thumb Code     0  startup_stm32f103xb.o(.text)
    I2C2_ER_IRQHandler                       0x0800011b   Thumb Code     0  startup_stm32f103xb.o(.text)
    I2C2_EV_IRQHandler                       0x0800011b   Thumb Code     0  startup_stm32f103xb.o(.text)
    PVD_IRQHandler                           0x0800011b   Thumb Code     0  startup_stm32f103xb.o(.text)
    RCC_IRQHandler                           0x0800011b   Thumb Code     0  startup_stm32f103xb.o(.text)
    RTC_Alarm_IRQHandler                     0x0800011b   Thumb Code     0  startup_stm32f103xb.o(.text)
    RTC_IRQHandler                           0x0800011b   Thumb Code     0  startup_stm32f103xb.o(.text)
    SPI1_IRQHandler                          0x0800011b   Thumb Code     0  startup_stm32f103xb.o(.text)
    SPI2_IRQHandler                          0x0800011b   Thumb Code     0  startup_stm32f103xb.o(.text)
    TAMPER_IRQHandler                        0x0800011b   Thumb Code     0  startup_stm32f103xb.o(.text)
    TIM1_BRK_IRQHandler                      0x0800011b   Thumb Code     0  startup_stm32f103xb.o(.text)
    TIM1_CC_IRQHandler                       0x0800011b   Thumb Code     0  startup_stm32f103xb.o(.text)
    TIM1_TRG_COM_IRQHandler                  0x0800011b   Thumb Code     0  startup_stm32f103xb.o(.text)
    TIM1_UP_IRQHandler                       0x0800011b   Thumb Code     0  startup_stm32f103xb.o(.text)
    TIM2_IRQHandler                          0x0800011b   Thumb Code     0  startup_stm32f103xb.o(.text)
    TIM3_IRQHandler                          0x0800011b   Thumb Code     0  startup_stm32f103xb.o(.text)
    TIM4_IRQHandler                          0x0800011b   Thumb Code     0  startup_stm32f103xb.o(.text)
    USART1_IRQHandler                        0x0800011b   Thumb Code     0  startup_stm32f103xb.o(.text)
    USART2_IRQHandler                        0x0800011b   Thumb Code     0  startup_stm32f103xb.o(.text)
    USART3_IRQHandler                        0x0800011b   Thumb Code     0  startup_stm32f103xb.o(.text)
    USBWakeUp_IRQHandler                     0x0800011b   Thumb Code     0  startup_stm32f103xb.o(.text)
    USB_HP_CAN1_TX_IRQHandler                0x0800011b   Thumb Code     0  startup_stm32f103xb.o(.text)
    USB_LP_CAN1_RX0_IRQHandler               0x0800011b   Thumb Code     0  startup_stm32f103xb.o(.text)
    WWDG_IRQHandler                          0x0800011b   Thumb Code     0  startup_stm32f103xb.o(.text)
    __scatterload                            0x08000125   Thumb Code    28  init.o(.text)
    __scatterload_rt2                        0x08000125   Thumb Code     0  init.o(.text)
    BusFault_Handler                         0x08000149   Thumb Code     2  stm32f1xx_it.o(i.BusFault_Handler)
    DebugMon_Handler                         0x0800014b   Thumb Code     2  stm32f1xx_it.o(i.DebugMon_Handler)
    HAL_Delay                                0x0800014d   Thumb Code    32  stm32f1xx_hal.o(i.HAL_Delay)
    HAL_GPIO_Init                            0x08000171   Thumb Code   408  stm32f1xx_hal_gpio.o(i.HAL_GPIO_Init)
    HAL_GPIO_WritePin                        0x0800032d   Thumb Code    10  stm32f1xx_hal_gpio.o(i.HAL_GPIO_WritePin)
    HAL_GetTick                              0x08000339   Thumb Code     6  stm32f1xx_hal.o(i.HAL_GetTick)
    HAL_IncTick                              0x08000345   Thumb Code    12  stm32f1xx_hal.o(i.HAL_IncTick)
    HAL_Init                                 0x08000355   Thumb Code    32  stm32f1xx_hal.o(i.HAL_Init)
    HAL_InitTick                             0x08000379   Thumb Code    54  stm32f1xx_hal.o(i.HAL_InitTick)
    HAL_MspInit                              0x080003b9   Thumb Code   118  stm32f1xx_hal_msp.o(i.HAL_MspInit)
    HAL_NVIC_SetPriority                     0x08000439   Thumb Code    60  stm32f1xx_hal_cortex.o(i.HAL_NVIC_SetPriority)
    HAL_NVIC_SetPriorityGrouping             0x08000479   Thumb Code    26  stm32f1xx_hal_cortex.o(i.HAL_NVIC_SetPriorityGrouping)
    HAL_RCC_ClockConfig                      0x0800049d   Thumb Code   322  stm32f1xx_hal_rcc.o(i.HAL_RCC_ClockConfig)
    HAL_RCC_GetHCLKFreq                      0x080005f1   Thumb Code     6  stm32f1xx_hal_rcc.o(i.HAL_RCC_GetHCLKFreq)
    HAL_RCC_GetSysClockFreq                  0x080005fd   Thumb Code    74  stm32f1xx_hal_rcc.o(i.HAL_RCC_GetSysClockFreq)
    HAL_RCC_OscConfig                        0x08000669   Thumb Code   750  stm32f1xx_hal_rcc.o(i.HAL_RCC_OscConfig)
    HAL_SPI_Init                             0x0800096d   Thumb Code   130  stm32f1xx_hal_spi_ex.o(i.HAL_SPI_Init)
    HAL_SPI_MspInit                          0x080009f1   Thumb Code    78  stm32f1xx_hal_msp.o(i.HAL_SPI_MspInit)
    HAL_SPI_TransmitReceive                  0x08000a4d   Thumb Code   472  stm32f1xx_hal_spi.o(i.HAL_SPI_TransmitReceive)
    HAL_SYSTICK_CLKSourceConfig              0x08000c25   Thumb Code    24  stm32f1xx_hal_cortex.o(i.HAL_SYSTICK_CLKSourceConfig)
    HAL_SYSTICK_Callback                     0x08000c3d   Thumb Code     2  stm32f1xx_hal_cortex.o(i.HAL_SYSTICK_Callback)
    HAL_SYSTICK_Config                       0x08000c3f   Thumb Code    40  stm32f1xx_hal_cortex.o(i.HAL_SYSTICK_Config)
    HAL_SYSTICK_IRQHandler                   0x08000c67   Thumb Code     8  stm32f1xx_hal_cortex.o(i.HAL_SYSTICK_IRQHandler)
    HAL_nRF24L01P_ACKPayload                 0x08000c6f   Thumb Code    54  nrf24l01p.o(i.HAL_nRF24L01P_ACKPayload)
    HAL_nRF24L01P_AutoACK                    0x08000ca5   Thumb Code    66  nrf24l01p.o(i.HAL_nRF24L01P_AutoACK)
    HAL_nRF24L01P_CE_High                    0x08000ce7   Thumb Code    10  nrf24l01p.o(i.HAL_nRF24L01P_CE_High)
    HAL_nRF24L01P_CE_Low                     0x08000cf1   Thumb Code    10  nrf24l01p.o(i.HAL_nRF24L01P_CE_Low)
    HAL_nRF24L01P_CRC                        0x08000cfb   Thumb Code    54  nrf24l01p.o(i.HAL_nRF24L01P_CRC)
    HAL_nRF24L01P_ClearInterrupts            0x08000d31   Thumb Code    44  nrf24l01p.o(i.HAL_nRF24L01P_ClearInterrupts)
    HAL_nRF24L01P_DPLPipe                    0x08000d5d   Thumb Code    60  nrf24l01p.o(i.HAL_nRF24L01P_DPLPipe)
    HAL_nRF24L01P_DynACK                     0x08000d99   Thumb Code    54  nrf24l01p.o(i.HAL_nRF24L01P_DynACK)
    HAL_nRF24L01P_DynPayload                 0x08000dcf   Thumb Code    54  nrf24l01p.o(i.HAL_nRF24L01P_DynPayload)
    HAL_nRF24L01P_FlushRX                    0x08000e05   Thumb Code    28  nrf24l01p.o(i.HAL_nRF24L01P_FlushRX)
    HAL_nRF24L01P_Init                       0x08000e21   Thumb Code   334  nrf24l01p.o(i.HAL_nRF24L01P_Init)
    HAL_nRF24L01P_MaxReTransmitIRQ           0x08000f6f   Thumb Code    54  nrf24l01p.o(i.HAL_nRF24L01P_MaxReTransmitIRQ)
    HAL_nRF24L01P_PowerUP                    0x08000fa5   Thumb Code    54  nrf24l01p.o(i.HAL_nRF24L01P_PowerUP)
    HAL_nRF24L01P_RXDataReadyIRQ             0x08000fdb   Thumb Code    54  nrf24l01p.o(i.HAL_nRF24L01P_RXDataReadyIRQ)
    HAL_nRF24L01P_RXPipe                     0x08001011   Thumb Code    66  nrf24l01p.o(i.HAL_nRF24L01P_RXPipe)
    HAL_nRF24L01P_ReadRegister               0x08001053   Thumb Code    28  nrf24l01p.o(i.HAL_nRF24L01P_ReadRegister)
    HAL_nRF24L01P_SendCommand                0x0800106f   Thumb Code   144  nrf24l01p.o(i.HAL_nRF24L01P_SendCommand)
    HAL_nRF24L01P_SetAddressWidth            0x080010ff   Thumb Code    52  nrf24l01p.o(i.HAL_nRF24L01P_SetAddressWidth)
    HAL_nRF24L01P_SetCRCWidth                0x08001133   Thumb Code    54  nrf24l01p.o(i.HAL_nRF24L01P_SetCRCWidth)
    HAL_nRF24L01P_SetDataRate                0x08001169   Thumb Code    88  nrf24l01p.o(i.HAL_nRF24L01P_SetDataRate)
    HAL_nRF24L01P_SetPRXAddress              0x080011c1   Thumb Code    72  nrf24l01p.o(i.HAL_nRF24L01P_SetPRXAddress)
    HAL_nRF24L01P_SetPRXWidth                0x08001209   Thumb Code    60  nrf24l01p.o(i.HAL_nRF24L01P_SetPRXWidth)
    HAL_nRF24L01P_SetPTXAddress              0x08001245   Thumb Code    24  nrf24l01p.o(i.HAL_nRF24L01P_SetPTXAddress)
    HAL_nRF24L01P_SetRFChannel               0x0800125d   Thumb Code    30  nrf24l01p.o(i.HAL_nRF24L01P_SetRFChannel)
    HAL_nRF24L01P_SetRetransmissionCount     0x0800127b   Thumb Code    52  nrf24l01p.o(i.HAL_nRF24L01P_SetRetransmissionCount)
    HAL_nRF24L01P_SetRetransmissionDelay     0x080012af   Thumb Code    50  nrf24l01p.o(i.HAL_nRF24L01P_SetRetransmissionDelay)
    HAL_nRF24L01P_TXDataSentIRQ              0x080012e1   Thumb Code    54  nrf24l01p.o(i.HAL_nRF24L01P_TXDataSentIRQ)
    HAL_nRF24L01P_TXRX                       0x08001317   Thumb Code    64  nrf24l01p.o(i.HAL_nRF24L01P_TXRX)
    HAL_nRF24L01P_TransmitPacket             0x08001357   Thumb Code    42  nrf24l01p.o(i.HAL_nRF24L01P_TransmitPacket)
    HAL_nRF24L01P_WriteRegister              0x08001381   Thumb Code    30  nrf24l01p.o(i.HAL_nRF24L01P_WriteRegister)
    HAL_nRF24L01P_WriteTXPayload             0x0800139f   Thumb Code    52  nrf24l01p.o(i.HAL_nRF24L01P_WriteTXPayload)
    HAL_nRF24L01P_nSS_High                   0x080013d3   Thumb Code    10  nrf24l01p.o(i.HAL_nRF24L01P_nSS_High)
    HAL_nRF24L01P_nSS_Low                    0x080013dd   Thumb Code    10  nrf24l01p.o(i.HAL_nRF24L01P_nSS_Low)
    HardFault_Handler                        0x080013e7   Thumb Code     2  stm32f1xx_it.o(i.HardFault_Handler)
    MemManage_Handler                        0x080014a5   Thumb Code     2  stm32f1xx_it.o(i.MemManage_Handler)
    NMI_Handler                              0x080014a7   Thumb Code     2  stm32f1xx_it.o(i.NMI_Handler)
    PendSV_Handler                           0x080014c9   Thumb Code     2  stm32f1xx_it.o(i.PendSV_Handler)
    SVC_Handler                              0x08001581   Thumb Code     2  stm32f1xx_it.o(i.SVC_Handler)
    SysTick_Handler                          0x08001583   Thumb Code    14  stm32f1xx_it.o(i.SysTick_Handler)
    SystemClock_Config                       0x08001591   Thumb Code    90  main.o(i.SystemClock_Config)
    SystemInit                               0x080015ed   Thumb Code    56  system_stm32f1xx.o(i.SystemInit)
    UsageFault_Handler                       0x08001635   Thumb Code     2  stm32f1xx_it.o(i.UsageFault_Handler)
    __scatterload_copy                       0x08001637   Thumb Code    14  handlers.o(i.__scatterload_copy)
    __scatterload_null                       0x08001645   Thumb Code     2  handlers.o(i.__scatterload_null)
    __scatterload_zeroinit                   0x08001647   Thumb Code    14  handlers.o(i.__scatterload_zeroinit)
    free                                     0x08001655   Thumb Code    76  malloc.o(i.free)
    main                                     0x080016a5   Thumb Code   130  main.o(i.main)
    malloc                                   0x0800173d   Thumb Code    92  malloc.o(i.malloc)
    RXAddr                                   0x080017a8   Data           5  main.o(.constdata)
    TXAddr                                   0x080017ad   Data           5  main.o(.constdata)
    TXData                                   0x080017b2   Data          32  main.o(.constdata)
    AHBPrescTable                            0x080017d2   Data          16  system_stm32f1xx.o(.constdata)
    Region$$Table$$Base                      0x080017e4   Number         0  anon$$obj.o(Region$$Table)
    Region$$Table$$Limit                     0x08001804   Number         0  anon$$obj.o(Region$$Table)
    check                                    0x20000000   Data           4  main.o(.data)
    SystemCoreClock                          0x20000004   Data           4  system_stm32f1xx.o(.data)
    uwTickFreq                               0x20000008   Data           1  stm32f1xx_hal.o(.data)
    uwTickPrio                               0x2000000c   Data           4  stm32f1xx_hal.o(.data)
    uwTick                                   0x20000010   Data           4  stm32f1xx_hal.o(.data)
    __microlib_freelist                      0x20000014   Data           4  mvars.o(.data)
    __microlib_freelist_initialised          0x20000018   Data           4  mvars.o(.data)
    hspi2                                    0x2000001c   Data          88  main.o(.bss)
    myNRF                                    0x20000074   Data          52  main.o(.bss)
    RXBuffer                                 0x200000a8   Data          32  main.o(.bss)
    TXBuffer                                 0x200000c8   Data          32  main.o(.bss)
    __heap_base                              0x200000e8   Data           0  startup_stm32f103xb.o(HEAP)
    __heap_limit                             0x200002e8   Data           0  startup_stm32f103xb.o(HEAP)
    __initial_sp                             0x200006e8   Data           0  startup_stm32f103xb.o(STACK)



==============================================================================

Memory Map of the image

  Image Entry point : 0x080000ed

  Load Region LR_IROM1 (Base: 0x08000000, Size: 0x00001820, Max: 0x00010000, ABSOLUTE)

    Execution Region ER_IROM1 (Exec base: 0x08000000, Load base: 0x08000000, Size: 0x00001804, Max: 0x00010000, ABSOLUTE)

    Exec Addr    Load Addr    Size         Type   Attr      Idx    E Section Name        Object

    0x08000000   0x08000000   0x000000ec   Data   RO            3    RESET               startup_stm32f103xb.o
    0x080000ec   0x080000ec   0x00000000   Code   RO         1856  * .ARM.Collect$$$$00000000  mc_w.l(entry.o)
    0x080000ec   0x080000ec   0x00000004   Code   RO         1889    .ARM.Collect$$$$00000001  mc_w.l(entry2.o)
    0x080000f0   0x080000f0   0x00000004   Code   RO         1892    .ARM.Collect$$$$00000004  mc_w.l(entry5.o)
    0x080000f4   0x080000f4   0x00000000   Code   RO         1894    .ARM.Collect$$$$00000008  mc_w.l(entry7b.o)
    0x080000f4   0x080000f4   0x00000000   Code   RO         1896    .ARM.Collect$$$$0000000A  mc_w.l(entry8b.o)
    0x080000f4   0x080000f4   0x00000008   Code   RO         1897    .ARM.Collect$$$$0000000B  mc_w.l(entry9a.o)
    0x080000fc   0x080000fc   0x00000000   Code   RO         1899    .ARM.Collect$$$$0000000D  mc_w.l(entry10a.o)
    0x080000fc   0x080000fc   0x00000000   Code   RO         1901    .ARM.Collect$$$$0000000F  mc_w.l(entry11a.o)
    0x080000fc   0x080000fc   0x00000004   Code   RO         1890    .ARM.Collect$$$$00002712  mc_w.l(entry2.o)
    0x08000100   0x08000100   0x00000024   Code   RO            4    .text               startup_stm32f103xb.o
    0x08000124   0x08000124   0x00000024   Code   RO         1909    .text               mc_w.l(init.o)
    0x08000148   0x08000148   0x00000002   Code   RO          181    i.BusFault_Handler  stm32f1xx_it.o
    0x0800014a   0x0800014a   0x00000002   Code   RO          182    i.DebugMon_Handler  stm32f1xx_it.o
    0x0800014c   0x0800014c   0x00000024   Code   RO          924    i.HAL_Delay         stm32f1xx_hal.o
    0x08000170   0x08000170   0x000001bc   Code   RO         1398    i.HAL_GPIO_Init     stm32f1xx_hal_gpio.o
    0x0800032c   0x0800032c   0x0000000a   Code   RO         1402    i.HAL_GPIO_WritePin  stm32f1xx_hal_gpio.o
    0x08000336   0x08000336   0x00000002   PAD
    0x08000338   0x08000338   0x0000000c   Code   RO          928    i.HAL_GetTick       stm32f1xx_hal.o
    0x08000344   0x08000344   0x00000010   Code   RO          932    i.HAL_IncTick       stm32f1xx_hal.o
    0x08000354   0x08000354   0x00000024   Code   RO          933    i.HAL_Init          stm32f1xx_hal.o
    0x08000378   0x08000378   0x00000040   Code   RO          934    i.HAL_InitTick      stm32f1xx_hal.o
    0x080003b8   0x080003b8   0x00000080   Code   RO           13    i.HAL_MspInit       stm32f1xx_hal_msp.o
    0x08000438   0x08000438   0x00000040   Code   RO         1696    i.HAL_NVIC_SetPriority  stm32f1xx_hal_cortex.o
    0x08000478   0x08000478   0x00000024   Code   RO         1697    i.HAL_NVIC_SetPriorityGrouping  stm32f1xx_hal_cortex.o
    0x0800049c   0x0800049c   0x00000154   Code   RO         1462    i.HAL_RCC_ClockConfig  stm32f1xx_hal_rcc.o
    0x080005f0   0x080005f0   0x0000000c   Code   RO         1467    i.HAL_RCC_GetHCLKFreq  stm32f1xx_hal_rcc.o
    0x080005fc   0x080005fc   0x0000006c   Code   RO         1471    i.HAL_RCC_GetSysClockFreq  stm32f1xx_hal_rcc.o
    0x08000668   0x08000668   0x00000304   Code   RO         1474    i.HAL_RCC_OscConfig  stm32f1xx_hal_rcc.o
    0x0800096c   0x0800096c   0x00000082   Code   RO          875    i.HAL_SPI_Init      stm32f1xx_hal_spi_ex.o
    0x080009ee   0x080009ee   0x00000002   PAD
    0x080009f0   0x080009f0   0x0000005c   Code   RO           15    i.HAL_SPI_MspInit   stm32f1xx_hal_msp.o
    0x08000a4c   0x08000a4c   0x000001d8   Code   RO          572    i.HAL_SPI_TransmitReceive  stm32f1xx_hal_spi.o
    0x08000c24   0x08000c24   0x00000018   Code   RO         1699    i.HAL_SYSTICK_CLKSourceConfig  stm32f1xx_hal_cortex.o
    0x08000c3c   0x08000c3c   0x00000002   Code   RO         1700    i.HAL_SYSTICK_Callback  stm32f1xx_hal_cortex.o
    0x08000c3e   0x08000c3e   0x00000028   Code   RO         1701    i.HAL_SYSTICK_Config  stm32f1xx_hal_cortex.o
    0x08000c66   0x08000c66   0x00000008   Code   RO         1702    i.HAL_SYSTICK_IRQHandler  stm32f1xx_hal_cortex.o
    0x08000c6e   0x08000c6e   0x00000036   Code   RO          256    i.HAL_nRF24L01P_ACKPayload  nrf24l01p.o
    0x08000ca4   0x08000ca4   0x00000042   Code   RO          257    i.HAL_nRF24L01P_AutoACK  nrf24l01p.o
    0x08000ce6   0x08000ce6   0x0000000a   Code   RO          258    i.HAL_nRF24L01P_CE_High  nrf24l01p.o
    0x08000cf0   0x08000cf0   0x0000000a   Code   RO          259    i.HAL_nRF24L01P_CE_Low  nrf24l01p.o
    0x08000cfa   0x08000cfa   0x00000036   Code   RO          260    i.HAL_nRF24L01P_CRC  nrf24l01p.o
    0x08000d30   0x08000d30   0x0000002c   Code   RO          261    i.HAL_nRF24L01P_ClearInterrupts  nrf24l01p.o
    0x08000d5c   0x08000d5c   0x0000003c   Code   RO          262    i.HAL_nRF24L01P_DPLPipe  nrf24l01p.o
    0x08000d98   0x08000d98   0x00000036   Code   RO          263    i.HAL_nRF24L01P_DynACK  nrf24l01p.o
    0x08000dce   0x08000dce   0x00000036   Code   RO          264    i.HAL_nRF24L01P_DynPayload  nrf24l01p.o
    0x08000e04   0x08000e04   0x0000001c   Code   RO          265    i.HAL_nRF24L01P_FlushRX  nrf24l01p.o
    0x08000e20   0x08000e20   0x0000014e   Code   RO          268    i.HAL_nRF24L01P_Init  nrf24l01p.o
    0x08000f6e   0x08000f6e   0x00000036   Code   RO          269    i.HAL_nRF24L01P_MaxReTransmitIRQ  nrf24l01p.o
    0x08000fa4   0x08000fa4   0x00000036   Code   RO          270    i.HAL_nRF24L01P_PowerUP  nrf24l01p.o
    0x08000fda   0x08000fda   0x00000036   Code   RO          271    i.HAL_nRF24L01P_RXDataReadyIRQ  nrf24l01p.o
    0x08001010   0x08001010   0x00000042   Code   RO          272    i.HAL_nRF24L01P_RXPipe  nrf24l01p.o
    0x08001052   0x08001052   0x0000001c   Code   RO          274    i.HAL_nRF24L01P_ReadRegister  nrf24l01p.o
    0x0800106e   0x0800106e   0x00000090   Code   RO          276    i.HAL_nRF24L01P_SendCommand  nrf24l01p.o
    0x080010fe   0x080010fe   0x00000034   Code   RO          277    i.HAL_nRF24L01P_SetAddressWidth  nrf24l01p.o
    0x08001132   0x08001132   0x00000036   Code   RO          278    i.HAL_nRF24L01P_SetCRCWidth  nrf24l01p.o
    0x08001168   0x08001168   0x00000058   Code   RO          280    i.HAL_nRF24L01P_SetDataRate  nrf24l01p.o
    0x080011c0   0x080011c0   0x00000048   Code   RO          281    i.HAL_nRF24L01P_SetPRXAddress  nrf24l01p.o
    0x08001208   0x08001208   0x0000003c   Code   RO          282    i.HAL_nRF24L01P_SetPRXWidth  nrf24l01p.o
    0x08001244   0x08001244   0x00000018   Code   RO          283    i.HAL_nRF24L01P_SetPTXAddress  nrf24l01p.o
    0x0800125c   0x0800125c   0x0000001e   Code   RO          284    i.HAL_nRF24L01P_SetRFChannel  nrf24l01p.o
    0x0800127a   0x0800127a   0x00000034   Code   RO          285    i.HAL_nRF24L01P_SetRetransmissionCount  nrf24l01p.o
    0x080012ae   0x080012ae   0x00000032   Code   RO          286    i.HAL_nRF24L01P_SetRetransmissionDelay  nrf24l01p.o
    0x080012e0   0x080012e0   0x00000036   Code   RO          288    i.HAL_nRF24L01P_TXDataSentIRQ  nrf24l01p.o
    0x08001316   0x08001316   0x00000040   Code   RO          289    i.HAL_nRF24L01P_TXRX  nrf24l01p.o
    0x08001356   0x08001356   0x0000002a   Code   RO          290    i.HAL_nRF24L01P_TransmitPacket  nrf24l01p.o
    0x08001380   0x08001380   0x0000001e   Code   RO          292    i.HAL_nRF24L01P_WriteRegister  nrf24l01p.o
    0x0800139e   0x0800139e   0x00000034   Code   RO          293    i.HAL_nRF24L01P_WriteTXPayload  nrf24l01p.o
    0x080013d2   0x080013d2   0x0000000a   Code   RO          295    i.HAL_nRF24L01P_nSS_High  nrf24l01p.o
    0x080013dc   0x080013dc   0x0000000a   Code   RO          296    i.HAL_nRF24L01P_nSS_Low  nrf24l01p.o
    0x080013e6   0x080013e6   0x00000002   Code   RO          183    i.HardFault_Handler  stm32f1xx_it.o
    0x080013e8   0x080013e8   0x0000007c   Code   RO          125    i.MX_GPIO_Init      main.o
    0x08001464   0x08001464   0x00000040   Code   RO          126    i.MX_SPI2_Init      main.o
    0x080014a4   0x080014a4   0x00000002   Code   RO          184    i.MemManage_Handler  stm32f1xx_it.o
    0x080014a6   0x080014a6   0x00000002   Code   RO          185    i.NMI_Handler       stm32f1xx_it.o
    0x080014a8   0x080014a8   0x00000020   Code   RO         1703    i.NVIC_SetPriority  stm32f1xx_hal_cortex.o
    0x080014c8   0x080014c8   0x00000002   Code   RO          186    i.PendSV_Handler    stm32f1xx_it.o
    0x080014ca   0x080014ca   0x00000020   Code   RO          587    i.SPI_CheckFlag_BSY  stm32f1xx_hal_spi.o
    0x080014ea   0x080014ea   0x00000096   Code   RO          606    i.SPI_WaitFlagStateUntilTimeout  stm32f1xx_hal_spi.o
    0x08001580   0x08001580   0x00000002   Code   RO          187    i.SVC_Handler       stm32f1xx_it.o
    0x08001582   0x08001582   0x0000000e   Code   RO          188    i.SysTick_Handler   stm32f1xx_it.o
    0x08001590   0x08001590   0x0000005a   Code   RO          127    i.SystemClock_Config  main.o
    0x080015ea   0x080015ea   0x00000002   PAD
    0x080015ec   0x080015ec   0x00000048   Code   RO          515    i.SystemInit        system_stm32f1xx.o
    0x08001634   0x08001634   0x00000002   Code   RO          189    i.UsageFault_Handler  stm32f1xx_it.o
    0x08001636   0x08001636   0x0000000e   Code   RO         1913    i.__scatterload_copy  mc_w.l(handlers.o)
    0x08001644   0x08001644   0x00000002   Code   RO         1914    i.__scatterload_null  mc_w.l(handlers.o)
    0x08001646   0x08001646   0x0000000e   Code   RO         1915    i.__scatterload_zeroinit  mc_w.l(handlers.o)
    0x08001654   0x08001654   0x00000050   Code   RO         1861    i.free              mc_w.l(malloc.o)
    0x080016a4   0x080016a4   0x00000098   Code   RO          129    i.main              main.o
    0x0800173c   0x0800173c   0x0000006c   Code   RO         1862    i.malloc            mc_w.l(malloc.o)
    0x080017a8   0x080017a8   0x0000002a   Data   RO          131    .constdata          main.o
    0x080017d2   0x080017d2   0x00000010   Data   RO          516    .constdata          system_stm32f1xx.o
    0x080017e2   0x080017e2   0x00000002   PAD
    0x080017e4   0x080017e4   0x00000020   Data   RO         1911    Region$$Table       anon$$obj.o


    Execution Region RW_IRAM1 (Exec base: 0x20000000, Load base: 0x08001804, Size: 0x000006e8, Max: 0x00005000, ABSOLUTE)

    Exec Addr    Load Addr    Size         Type   Attr      Idx    E Section Name        Object

    0x20000000   0x08001804   0x00000004   Data   RW          132    .data               main.o
    0x20000004   0x08001808   0x00000004   Data   RW          518    .data               system_stm32f1xx.o
    0x20000008   0x0800180c   0x0000000c   Data   RW          940    .data               stm32f1xx_hal.o
    0x20000014   0x08001818   0x00000004   Data   RW         1907    .data               mc_w.l(mvars.o)
    0x20000018   0x0800181c   0x00000004   Data   RW         1908    .data               mc_w.l(mvars.o)
    0x2000001c        -       0x000000cc   Zero   RW          130    .bss                main.o
    0x200000e8        -       0x00000200   Zero   RW            2    HEAP                startup_stm32f103xb.o
    0x200002e8        -       0x00000400   Zero   RW            1    STACK               startup_stm32f103xb.o


==============================================================================

Image component sizes


      Code (inc. data)   RO Data    RW Data    ZI Data      Debug   Object Name

       430         46         42          4        204       6876   main.o
      1912         12          0          0          0      24538   nrf24l01p.o
        36          8        236          0       1536        796   startup_stm32f103xb.o
       164         28          0         12          0       3805   stm32f1xx_hal.o
       206         14          0          0          0      26728   stm32f1xx_hal_cortex.o
       454         36          0          0          0       2864   stm32f1xx_hal_gpio.o
       220         24          0          0          0     404340   stm32f1xx_hal_msp.o
      1232         80          0          0          0       4494   stm32f1xx_hal_rcc.o
       654          0          0          0          0       3598   stm32f1xx_hal_spi.o
       130          0          0          0          0       1055   stm32f1xx_hal_spi_ex.o
        30          0          0          0          0       3786   stm32f1xx_it.o
        72         16         16          4          0       1147   system_stm32f1xx.o

    ----------------------------------------------------------------------
      5546        264        328         20       1740     484027   Object Totals
         0          0         32          0          0          0   (incl. Generated)
         6          0          2          0          0          0   (incl. Padding)

    ----------------------------------------------------------------------

      Code (inc. data)   RO Data    RW Data    ZI Data      Debug   Library Member Name

         0          0          0          0          0          0   entry.o
         0          0          0          0          0          0   entry10a.o
         0          0          0          0          0          0   entry11a.o
         8          4          0          0          0          0   entry2.o
         4          0          0          0          0          0   entry5.o
         0          0          0          0          0          0   entry7b.o
         0          0          0          0          0          0   entry8b.o
         8          4          0          0          0          0   entry9a.o
        30          0          0          0          0          0   handlers.o
        36          8          0          0          0         68   init.o
       188         20          0          0          0        160   malloc.o
         0          0          0          8          0          0   mvars.o

    ----------------------------------------------------------------------
       274         36          0          8          0        228   Library Totals
         0          0          0          0          0          0   (incl. Padding)

    ----------------------------------------------------------------------

      Code (inc. data)   RO Data    RW Data    ZI Data      Debug   Library Name

       274         36          0          8          0        228   mc_w.l

    ----------------------------------------------------------------------
       274         36          0          8          0        228   Library Totals

    ----------------------------------------------------------------------

==============================================================================


      Code (inc. data)   RO Data    RW Data    ZI Data      Debug   

      5820        300        328         28       1740     480923   Grand Totals
      5820        300        328         28       1740     480923   ELF Image Totals
      5820        300        328         28          0          0   ROM Totals

==============================================================================

    Total RO  Size (Code + RO Data)                 6148 (   6.00kB)
    Total RW  Size (RW Data + ZI Data)              1768 (   1.73kB)
    Total ROM Size (Code + RO Data + RW Data)       6176 (   6.03kB)

==============================================================================

