<html>
<body>
<pre>
<h1>µVision Build Log</h1>
<h2>Tool Versions:</h2>
IDE-Version: µVision V5.23.0.0
Copyright (C) 2017 ARM Ltd and ARM Germany GmbH. All rights reserved.
License Information: Tesla Thinh, Beryl - TAKF5, LIC=VGXJJ-U7I06-II75V-PS5MP-Z2PWK-CLLBZ
 
Tool Versions:
Toolchain:       MDK-ARM Plus  Version: 5.23
Toolchain Path:  E:\Cai Phan Mem\Keil C ARM\ARM\ARMCC\Bin
C Compiler:      Armcc.exe V5.06 update 4 (build 422)
Assembler:       Armasm.exe V5.06 update 4 (build 422)
Linker/Locator:  ArmLink.exe V5.06 update 4 (build 422)
Library Manager: ArmAr.exe V5.06 update 4 (build 422)
Hex Converter:   FromElf.exe V5.06 update 4 (build 422)
CPU DLL:         SARMCM3.DLL V5.23
Dialog DLL:      DCM.DLL V1.15.0.0
Target DLL:      STLink\ST-LINKIII-KEIL_SWO.dll V2.0.18.0
Dialog DLL:      TCM.DLL V1.27.0.0
 
<h2>Project:</h2>
F:\Hoc\project\TEST KIT TO MO\TEST LCD 1602\MDK-ARM\TEST LCD 1602.uvprojx
Project File Date:  08/03/2017

<h2>Output:</h2>
*** Using Compiler 'V5.06 update 4 (build 422)', folder: 'E:\Cai Phan Mem\Keil C ARM\ARM\ARMCC\Bin'
Rebuild target 'TEST LCD 1602'
compiling stm32f1xx_hal_gpio_ex.c...
compiling stm32f1xx_hal_pwr.c...
compiling stm32f1xx_hal_rcc_ex.c...
compiling stm32f1xx_hal_flash_ex.c...
compiling stm32f1xx_hal_flash.c...
compiling stm32f1xx_hal_rcc.c...
compiling stm32f1xx_hal_gpio.c...
compiling stm32f1xx_hal_cortex.c...
compiling stm32f1xx_hal_dma.c...
compiling stm32f1xx_hal.c...
assembling startup_stm32f103xe.s...
compiling stm32f1xx_hal_tim_ex.c...
compiling stm32f1xx_hal_tim.c...
compiling stm32f1xx_it.c...
compiling stm32f1xx_hal_msp.c...
compiling main.c...
../Inc/lcd1602.h(13): warning:  #188-D: enumerated type mixed with another type
  HAL_GPIO_WritePin(
PIOC,
N_Pin,1);
../Inc/lcd1602.h(15): warning:  #188-D: enumerated type mixed with another type
  HAL_GPIO_WritePin(
PIOC,
N_Pin,0);  
../Inc/lcd1602.h(21): warning:  #188-D: enumerated type mixed with another type
  HAL_GPIO_WritePin(
PIOC,
../Inc/lcd1602.h(22): warning:  #188-D: enumerated type mixed with another type
  HAL_GPIO_WritePin(
PIOC,
../Inc/lcd1602.h(23): warning:  #188-D: enumerated type mixed with another type
  HAL_GPIO_WritePin(
PIOC,
../Inc/lcd1602.h(24): warning:  #188-D: enumerated type mixed with another type
  HAL_GPIO_WritePin(
PIOC,
../Inc/lcd1602.h(44): warning:  #188-D: enumerated type mixed with another type
    HAL_GPIO_WritePin(
PIOC,
S_Pin,0);
../Inc/lcd1602.h(68): warning:  #188-D: enumerated type mixed with another type
    HAL_GPIO_WritePin(
PIOC,
S_Pin,1);
../Inc/lcd1602.h(70): warning:  #188-D: enumerated type mixed with another type
    HAL_GPIO_WritePin(
PIOC,
S_Pin,0);
../Inc/lcd1602.h(79): warning:  #1-D: last line of file ends without a newline
  }
../Src/main.c(21): warning:  #188-D: enumerated type mixed with another type
  	HAL_GPIO_WritePin(
PIOC, 
W_Pin, 0);
../Src/main.c(101): warning:  #188-D: enumerated type mixed with another type
                            |
PIO_PIN_RESET);
../Src/main.c: 12 warnings, 0 errors
compiling system_stm32f1xx.c...
linking...
Program Size: Code=3724 RO-data=352 RW-data=8 ZI-data=1024  
FromELF: creating hex file...
"TEST LCD 1602\TEST LCD 1602.axf" - 0 Error(s), 12 Warning(s).

<h2>Software Packages used:</h2>

Package Vendor: ARM
                http://www.keil.com/pack/ARM.CMSIS.5.0.1.pack
                ARM::CMSIS:CORE:5.0.1
                CMSIS (Cortex Microcontroller Software Interface Standard)
   * Component: CORE Version: 5.0.1

<h2>Collection of Component include folders:</h2>
  .\RTE\_TEST_LCD_1602
  E:\Cai Phan Mem\Keil C ARM\ARM\PACK\ARM\CMSIS\5.0.1\CMSIS\Include
  E:\Cai Phan Mem\Keil C ARM\ARM\PACK\Keil\STM32F1xx_DFP\2.2.0\Device\Include

<h2>Collection of Component Files used:</h2>

   * Component: ARM::CMSIS:CORE:5.0.1
Build Time Elapsed:  00:00:26
</pre>
</body>
</html>
